Component: ARM Compiler 5.06 update 6 (build 750) Tool: armlink [4d35ed]

==============================================================================

Section Cross References

    main_blinky.o(.text) refers to tasks.o(.text) for xTaskGetTickCount
    main_blinky.o(.text) refers to queue.o(.text) for xQueueGenericSend
    main_blinky.o(.text) refers to stm32f7xx_hal_gpio.o(.text) for HAL_GPIO_TogglePin
    main_blinky.o(.text) refers to main_blinky.o(.data) for xQueue
    main.o(.text) refers to port.o(.text) for vPortEnterCritical
    main.o(.text) refers to stm32f7xx_hal_rcc.o(.text) for HAL_RCC_OscConfig
    main.o(.text) refers to stm32f7xx_hal_cortex.o(.text) for HAL_NVIC_SetPriorityGrouping
    main.o(.text) refers to stm32f7xx_hal_msp.o(.text) for HAL_MspInit
    main.o(.text) refers to stm32f7xx_hal_gpio.o(.text) for HAL_GPIO_Init
    main.o(.text) refers to main_full.o(.text) for main_full
    main.o(.text) refers to heap_4.o(.text) for xPortGetFreeHeapSize
    main.o(.text) refers to timerdemo.o(.text) for vTimerPeriodicISRTests
    main.o(.text) refers to queueoverwrite.o(.text) for vQueueOverwritePeriodicISRDemo
    main.o(.text) refers to eventgroupsdemo.o(.text) for vPeriodicEventGroupsProcessing
    main.o(.text) refers to intsemtest.o(.text) for vInterruptSemaphorePeriodicTest
    main.o(.text) refers to queueset.o(.text) for vQueueSetAccessQueueSetFromISR
    main.o(.text) refers to tasknotify.o(.text) for xNotifyTaskFromISR
    main_full.o(.text) refers to tasks.o(.text) for xTaskGetTickCount
    main_full.o(.text) refers to intqueue.o(.text) for xAreIntQueueTasksStillRunning
    main_full.o(.text) refers to flop.o(.text) for xAreMathsTaskStillRunning
    main_full.o(.text) refers to dynamic.o(.text) for xAreDynamicPriorityTasksStillRunning
    main_full.o(.text) refers to blockq.o(.text) for xAreBlockingQueuesStillRunning
    main_full.o(.text) refers to blocktim.o(.text) for xAreBlockTimeTestTasksStillRunning
    main_full.o(.text) refers to genqtest.o(.text) for xAreGenericQueueTasksStillRunning
    main_full.o(.text) refers to recmutex.o(.text) for xAreRecursiveMutexTasksStillRunning
    main_full.o(.text) refers to death.o(.text) for xIsCreateTaskStillRunning
    main_full.o(.text) refers to semtest.o(.text) for xAreSemaphoreTasksStillRunning
    main_full.o(.text) refers to timerdemo.o(.text) for xAreTimerDemoTasksStillRunning
    main_full.o(.text) refers to countsem.o(.text) for xAreCountingSemaphoreTasksStillRunning
    main_full.o(.text) refers to queueoverwrite.o(.text) for xIsQueueOverwriteTaskStillRunning
    main_full.o(.text) refers to eventgroupsdemo.o(.text) for xAreEventGroupTasksStillRunning
    main_full.o(.text) refers to intsemtest.o(.text) for xAreInterruptSemaphoreTasksStillRunning
    main_full.o(.text) refers to queueset.o(.text) for xAreQueueSetTasksStillRunning
    main_full.o(.text) refers to tasknotify.o(.text) for xAreTaskNotificationTasksStillRunning
    main_full.o(.text) refers to stm32f7xx_hal_gpio.o(.text) for HAL_GPIO_TogglePin
    main_full.o(.text) refers to regtest_keil.o(.emb_text) for vRegTest2Implementation
    main_full.o(.text) refers to main_full.o(.data) for ulLastRegTest1Value
    intqueuetimer.o(.text) refers to stm32f7xx_hal_tim.o(.text) for HAL_TIM_Base_Init
    intqueuetimer.o(.text) refers to intqueue.o(.text) for xFirstTimerHandler
    intqueuetimer.o(.text) refers to system_stm32f7xx.o(.data) for SystemCoreClock
    intqueuetimer.o(.text) refers to intqueuetimer.o(.data) for ulHighFrequencyTimerCounts
    regtest_keil.o(.emb_text) refers to main_full.o(.data) for ulRegTest1LoopCounter
    stm32f7xx_hal.o(.text) refers to stm32f7xx_hal_rcc.o(.text) for HAL_RCC_GetHCLKFreq
    stm32f7xx_hal.o(.text) refers to stm32f7xx_hal_cortex.o(.text) for HAL_SYSTICK_Config
    stm32f7xx_hal.o(.text) refers to stm32f7xx_hal_msp.o(.text) for HAL_MspInit
    stm32f7xx_hal.o(.text) refers to stm32f7xx_hal.o(.data) for uwTick
    stm32f7xx_hal_rcc.o(.text) refers to stm32f7xx_hal.o(.text) for HAL_GetTick
    stm32f7xx_hal_rcc.o(.text) refers to stm32f7xx_hal_gpio.o(.text) for HAL_GPIO_Init
    stm32f7xx_hal_rcc.o(.text) refers to stm32f7xx_hal_rcc.o(.constdata) for APBAHBPrescTable
    stm32f7xx_hal_rcc.o(.text) refers to system_stm32f7xx.o(.data) for SystemCoreClock
    stm32f7xx_hal_tim.o(.text) refers to stm32f7xx_hal_dma.o(.text) for HAL_DMA_Start_IT
    stm32f7xx_hal_tim.o(.text) refers to stm32f7xx_hal_tim_ex.o(.text) for HAL_TIMEx_BreakCallback
    stm32f7xx_hal_dma.o(.text) refers to stm32f7xx_hal.o(.text) for HAL_GetTick
    stm32f7xx_hal_tim_ex.o(.text) refers to stm32f7xx_hal_tim.o(.text) for TIM_Base_SetConfig
    stm32f7xx_hal_tim_ex.o(.text) refers to stm32f7xx_hal_dma.o(.text) for HAL_DMA_Start_IT
    system_stm32f7xx.o(.text) refers to system_stm32f7xx.o(.data) for SystemCoreClock
    startup_stm32f756xx.o(RESET) refers to startup_stm32f756xx.o(STACK) for __initial_sp
[...]
    usLastTaskCheck                          0x2001011c   Data           2  dynamic.o(.data)
    ulLastExpectedValue                      0x20010120   Data           4  dynamic.o(.data)
    .data                                    0x20010124   Section       48  eventgroupsdemo.o(.data)
    ulTestMasterCycles                       0x20010124   Data           4  eventgroupsdemo.o(.data)
    ulTestSlaveCycles                        0x20010128   Data           4  eventgroupsdemo.o(.data)
    ulISRCycles                              0x2001012c   Data           4  eventgroupsdemo.o(.data)
    xEventGroup                              0x20010130   Data           4  eventgroupsdemo.o(.data)
    xISREventGroup                           0x20010134   Data           4  eventgroupsdemo.o(.data)
    xSyncTask1                               0x20010138   Data           4  eventgroupsdemo.o(.data)
    xSyncTask2                               0x2001013c   Data           4  eventgroupsdemo.o(.data)
    xCallCount                               0x20010140   Data           4  eventgroupsdemo.o(.data)
    xISRTestError                            0x20010144   Data           4  eventgroupsdemo.o(.data)
    ulPreviousWaitBitCycles                  0x20010148   Data           4  eventgroupsdemo.o(.data)
    ulPreviousSetBitCycles                   0x2001014c   Data           4  eventgroupsdemo.o(.data)
    ulPreviousISRCycles                      0x20010150   Data           4  eventgroupsdemo.o(.data)
    .data                                    0x20010154   Section        8  flop.o(.data)
    usTaskCheck                              0x20010154   Data           8  flop.o(.data)
    .data                                    0x2001015c   Section       32  genqtest.o(.data)
    xErrorDetected                           0x2001015c   Data           4  genqtest.o(.data)
    ulLoopCounter                            0x20010160   Data           4  genqtest.o(.data)
    ulLoopCounter2                           0x20010164   Data           4  genqtest.o(.data)
    ulGuardedVariable                        0x20010168   Data           4  genqtest.o(.data)
    xHighPriorityMutexTask                   0x2001016c   Data           4  genqtest.o(.data)
    xMediumPriorityMutexTask                 0x20010170   Data           4  genqtest.o(.data)
    ulLastLoopCounter                        0x20010174   Data           4  genqtest.o(.data)
    ulLastLoopCounter2                       0x20010178   Data           4  genqtest.o(.data)
    .data                                    0x2001017c   Section       84  intqueue.o(.data)
    xNormallyEmptyQueue                      0x2001017c   Data           4  intqueue.o(.data)
    xNormallyFullQueue                       0x20010180   Data           4  intqueue.o(.data)
    uxHighPriorityLoops1                     0x20010184   Data           4  intqueue.o(.data)
    uxHighPriorityLoops2                     0x20010188   Data           4  intqueue.o(.data)
    uxLowPriorityLoops1                      0x2001018c   Data           4  intqueue.o(.data)
    uxLowPriorityLoops2                      0x20010190   Data           4  intqueue.o(.data)
    xErrorStatus                             0x20010194   Data           4  intqueue.o(.data)
    xErrorLine                               0x20010198   Data           4  intqueue.o(.data)
    xWasSuspended                            0x2001019c   Data           4  intqueue.o(.data)
    uxValueForNormallyEmptyQueue             0x200101a0   Data           4  intqueue.o(.data)
    uxValueForNormallyFullQueue              0x200101a4   Data           4  intqueue.o(.data)
    uxNextOperation                          0x200101b8   Data           4  intqueue.o(.data)
    uxNextOperation                          0x200101bc   Data           4  intqueue.o(.data)
    uxLastHighPriorityLoops1                 0x200101c0   Data           4  intqueue.o(.data)
    uxLastHighPriorityLoops2                 0x200101c4   Data           4  intqueue.o(.data)
    uxLastLowPriorityLoops1                  0x200101c8   Data           4  intqueue.o(.data)
    uxLastLowPriorityLoops2                  0x200101cc   Data           4  intqueue.o(.data)
    .data                                    0x200101d0   Section       48  intsemtest.o(.data)
    xErrorDetected                           0x200101d0   Data           4  intsemtest.o(.data)
    ulMasterLoops                            0x200101d4   Data           4  intsemtest.o(.data)
    ulCountingSemaphoreLoops                 0x200101d8   Data           4  intsemtest.o(.data)
    xSlaveHandle                             0x200101dc   Data           4  intsemtest.o(.data)
    xISRMutex                                0x200101e0   Data           4  intsemtest.o(.data)
    xISRCountingSemaphore                    0x200101e4   Data           4  intsemtest.o(.data)
    xMasterSlaveMutex                        0x200101e8   Data           4  intsemtest.o(.data)
    xOkToGiveMutex                           0x200101ec   Data           4  intsemtest.o(.data)
    xOkToGiveCountingSemaphore               0x200101f0   Data           4  intsemtest.o(.data)
    xLastGiveTime                            0x200101f4   Data           4  intsemtest.o(.data)
    ulLastMasterLoopCounter                  0x200101f8   Data           4  intsemtest.o(.data)
    ulLastCountingSemaphoreLoops             0x200101fc   Data           4  intsemtest.o(.data)
    .data                                    0x20010200   Section       16  queueoverwrite.o(.data)
    ulLoopCounter                            0x20010200   Data           4  queueoverwrite.o(.data)
    xISRTestStatus                           0x20010204   Data           4  queueoverwrite.o(.data)
    xISRQueue                                0x20010208   Data           4  queueoverwrite.o(.data)
    ulCallCount                              0x2001020c   Data           4  queueoverwrite.o(.data)
    .data                                    0x20010210   Section       64  queueset.o(.data)
    xQueueSet                                0x20010210   Data           4  queueset.o(.data)
    ulCycleCounter                           0x20010214   Data           4  queueset.o(.data)
    xQueueSetTasksStatus                     0x20010218   Data           4  queueset.o(.data)
    xSetupComplete                           0x2001021c   Data           4  queueset.o(.data)
    ulISRTxValue                             0x20010220   Data           4  queueset.o(.data)
    uxNextRand                               0x20010224   Data           4  queueset.o(.data)
    ulLastCycleCounter                       0x20010230   Data           4  queueset.o(.data)
    ulLastISRTxValue                         0x20010234   Data           4  queueset.o(.data)
    ulLoops                                  0x20010238   Data           4  queueset.o(.data)
    ePriorities                              0x2001023c   Data           1  queueset.o(.data)
    ulCallCount                              0x20010240   Data           4  queueset.o(.data)
    ulExpectedReceivedFromTask               0x20010244   Data           4  queueset.o(.data)
    ulExpectedReceivedFromISR                0x20010248   Data           4  queueset.o(.data)
    xQueueToWriteTo                          0x2001024c   Data           4  queueset.o(.data)
    .data                                    0x20010250   Section       48  recmutex.o(.data)
    xMutex                                   0x20010250   Data           4  recmutex.o(.data)
    xErrorOccurred                           0x20010254   Data           4  recmutex.o(.data)
    xControllingIsSuspended                  0x20010258   Data           4  recmutex.o(.data)
    xBlockingIsSuspended                     0x2001025c   Data           4  recmutex.o(.data)
    uxControllingCycles                      0x20010260   Data           4  recmutex.o(.data)
    uxBlockingCycles                         0x20010264   Data           4  recmutex.o(.data)
    uxPollingCycles                          0x20010268   Data           4  recmutex.o(.data)
    xControllingTaskHandle                   0x2001026c   Data           4  recmutex.o(.data)
    xBlockingTaskHandle                      0x20010270   Data           4  recmutex.o(.data)
    uxLastControllingCycles                  0x20010274   Data           4  recmutex.o(.data)
    uxLastBlockingCycles                     0x20010278   Data           4  recmutex.o(.data)
    uxLastPollingCycles                      0x2001027c   Data           4  recmutex.o(.data)
    .data                                    0x20010280   Section       18  semtest.o(.data)
    sCheckVariables                          0x20010280   Data           8  semtest.o(.data)
    sNextCheckVariable                       0x20010288   Data           2  semtest.o(.data)
    sLastCheckVariables                      0x2001028a   Data           8  semtest.o(.data)
    .data                                    0x20010294   Section       40  tasknotify.o(.data)
    xErrorStatus                             0x20010294   Data           4  tasknotify.o(.data)
    ulNotifyCycleCount                       0x20010298   Data           4  tasknotify.o(.data)
    xTaskToNotify                            0x2001029c   Data           4  tasknotify.o(.data)
    ulTimerNotificationsReceived             0x200102a0   Data           4  tasknotify.o(.data)
    ulTimerNotificationsSent                 0x200102a4   Data           4  tasknotify.o(.data)
    xTimer                                   0x200102a8   Data           4  tasknotify.o(.data)
    uxNextRand                               0x200102ac   Data           4  tasknotify.o(.data)
    xCallCount                               0x200102b0   Data           4  tasknotify.o(.data)
    xAPIToUse                                0x200102b4   Data           4  tasknotify.o(.data)
    ulLastNotifyCycleCount                   0x200102b8   Data           4  tasknotify.o(.data)
    .data                                    0x200102bc   Section       64  timerdemo.o(.data)
    xTestStatus                              0x200102bc   Data           4  timerdemo.o(.data)
    ulLoopCounter                            0x200102c0   Data           4  timerdemo.o(.data)
    ucAutoReloadTimerCounters                0x200102c4   Data           6  timerdemo.o(.data)
    xOneShotTimer                            0x200102cc   Data           4  timerdemo.o(.data)
    ucOneShotTimerCounter                    0x200102d0   Data           1  timerdemo.o(.data)
    xISRAutoReloadTimer                      0x200102d4   Data           4  timerdemo.o(.data)
    ucISRAutoReloadTimerCounter              0x200102d8   Data           1  timerdemo.o(.data)
    xISROneShotTimer                         0x200102dc   Data           4  timerdemo.o(.data)
    ucISROneShotTimerCounter                 0x200102e0   Data           1  timerdemo.o(.data)
    xBasePeriod                              0x200102e4   Data           4  timerdemo.o(.data)
    ulLastLoopCounter                        0x200102e8   Data           4  timerdemo.o(.data)
    xIterationsWithoutCounterIncrement       0x200102ec   Data           4  timerdemo.o(.data)
    xLastCycleFrequency                      0x200102f0   Data           4  timerdemo.o(.data)
    uxTick                                   0x200102f4   Data           4  timerdemo.o(.data)
    uxCallCount                              0x200102f8   Data           4  timerdemo.o(.data)
    .bss                                     0x200102fc   Section       64  queue.o(.bss)
    .bss                                     0x2001033c   Section      200  tasks.o(.bss)
    pxReadyTasksLists                        0x2001033c   Data         100  tasks.o(.bss)
    xDelayedTaskList1                        0x200103a0   Data          20  tasks.o(.bss)
    xDelayedTaskList2                        0x200103b4   Data          20  tasks.o(.bss)
    xPendingReadyList                        0x200103c8   Data          20  tasks.o(.bss)
    xTasksWaitingTermination                 0x200103dc   Data          20  tasks.o(.bss)
    xSuspendedTaskList                       0x200103f0   Data          20  tasks.o(.bss)
    .bss                                     0x20010404   Section       40  timers.o(.bss)
    xActiveTimerList1                        0x20010404   Data          20  timers.o(.bss)
    xActiveTimerList2                        0x20010418   Data          20  timers.o(.bss)
    .bss                                     0x2001042c   Section    47104  heap_4.o(.bss)
    ucHeap                                   0x2001042c   Data       47104  heap_4.o(.bss)
    .bss                                     0x2001bc2c   Section       24  countsem.o(.bss)
    xParameters                              0x2001bc2c   Data          24  countsem.o(.bss)
    .bss                                     0x2001bc44   Section      400  intqueue.o(.bss)
    ucNormallyEmptyReceivedValues            0x2001bc44   Data         200  intqueue.o(.bss)
    ucNormallyFullReceivedValues             0x2001bd0c   Data         200  intqueue.o(.bss)
    .bss                                     0x2001bdd4   Section       36  queueset.o(.bss)
    xQueues                                  0x2001bdd4   Data          12  queueset.o(.bss)
    ulQueueUsedCounter                       0x2001bde0   Data          12  queueset.o(.bss)
    ulLastQueueUsedCounter                   0x2001bdec   Data          12  queueset.o(.bss)
    .bss                                     0x2001bdf8   Section       24  timerdemo.o(.bss)
    xAutoReloadTimers                        0x2001bdf8   Data          24  timerdemo.o(.bss)
    STACK                                    0x2001be10   Section     1024  startup_stm32f756xx.o(STACK)

    Global Symbols

    Symbol Name                              Value     Ov Type        Size  Object(Section)

    BuildAttributes$$THM_ISAv4$E$P$D$K$B$S$7EM$VFPi5$EXTD16$VFPS$VFMA$PE$PLD8$A:L22UL41UL21$X:L11$S22US41US21$IEEE1$IW$USESV6$~STKCKD$USESV7$~SHL$OTIME$ROPI$IEEEJ$EBA8$MICROLIB$REQ8$PRES8$EABIv2 0x00000000   Number         0  anon$$obj.o ABSOLUTE
    __ARM_use_no_argv                        0x00000000   Number         0  main.o ABSOLUTE
    _printf_a                                0x00000000   Number         0  stubs.o ABSOLUTE
    _printf_c                                0x00000000   Number         0  stubs.o ABSOLUTE
    _printf_charcount                        0x00000000   Number         0  stubs.o ABSOLUTE
    _printf_d                                0x00000000   Number         0  stubs.o ABSOLUTE
    _printf_e                                0x00000000   Number         0  stubs.o ABSOLUTE
    _printf_f                                0x00000000   Number         0  stubs.o ABSOLUTE
    _printf_flags                            0x00000000   Number         0  stubs.o ABSOLUTE
    _printf_fp_dec                           0x00000000   Number         0  stubs.o ABSOLUTE
    _printf_fp_hex                           0x00000000   Number         0  stubs.o ABSOLUTE
    _printf_g                                0x00000000   Number         0  stubs.o ABSOLUTE
    _printf_i                                0x00000000   Number         0  stubs.o ABSOLUTE
    _printf_int_dec                          0x00000000   Number         0  stubs.o ABSOLUTE
    _printf_l                                0x00000000   Number         0  stubs.o ABSOLUTE
    _printf_lc                               0x00000000   Number         0  stubs.o ABSOLUTE
    _printf_ll                               0x00000000   Number         0  stubs.o ABSOLUTE
    _printf_lld                              0x00000000   Number         0  stubs.o ABSOLUTE
    _printf_lli                              0x00000000   Number         0  stubs.o ABSOLUTE
    _printf_llo                              0x00000000   Number         0  stubs.o ABSOLUTE
    _printf_llu                              0x00000000   Number         0  stubs.o ABSOLUTE
    _printf_llx                              0x00000000   Number         0  stubs.o ABSOLUTE
    _printf_longlong_dec                     0x00000000   Number         0  stubs.o ABSOLUTE
    _printf_longlong_hex                     0x00000000   Number         0  stubs.o ABSOLUTE
    _printf_longlong_oct                     0x00000000   Number         0  stubs.o ABSOLUTE
    _printf_ls                               0x00000000   Number         0  stubs.o ABSOLUTE
    _printf_mbtowc                           0x00000000   Number         0  stubs.o ABSOLUTE
    _printf_n                                0x00000000   Number         0  stubs.o ABSOLUTE
    _printf_o                                0x00000000   Number         0  stubs.o ABSOLUTE
    _printf_p                                0x00000000   Number         0  stubs.o ABSOLUTE
    _printf_percent                          0x00000000   Number         0  stubs.o ABSOLUTE
    _printf_pre_padding                      0x00000000   Number         0  stubs.o ABSOLUTE
    _printf_return_value                     0x00000000   Number         0  stubs.o ABSOLUTE
    _printf_s                                0x00000000   Number         0  stubs.o ABSOLUTE
    _printf_sizespec                         0x00000000   Number         0  stubs.o ABSOLUTE
    _printf_str                              0x00000000   Number         0  stubs.o ABSOLUTE
    _printf_truncate_signed                  0x00000000   Number         0  stubs.o ABSOLUTE
    _printf_truncate_unsigned                0x00000000   Number         0  stubs.o ABSOLUTE
    _printf_u                                0x00000000   Number         0  stubs.o ABSOLUTE
    _printf_wc                               0x00000000   Number         0  stubs.o ABSOLUTE
    _printf_wctomb                           0x00000000   Number         0  stubs.o ABSOLUTE
    _printf_widthprec                        0x00000000   Number         0  stubs.o ABSOLUTE
    _printf_x                                0x00000000   Number         0  stubs.o ABSOLUTE
    __cpp_initialize__aeabi_                  - Undefined Weak Reference
    __cxa_finalize                            - Undefined Weak Reference
    _clock_init                               - Undefined Weak Reference
    _microlib_exit                            - Undefined Weak Reference
    __Vectors_Size                           0x000001c8   Number         0  startup_stm32f756xx.o ABSOLUTE
    __Vectors                                0x08000000   Data           4  startup_stm32f756xx.o(RESET)
    __Vectors_End                            0x080001c8   Data           0  startup_stm32f756xx.o(RESET)
    __main                                   0x080001c9   Thumb Code     0  entry.o(.ARM.Collect$$$$00000000)
    _main_stk                                0x080001c9   Thumb Code     0  entry2.o(.ARM.Collect$$$$00000001)
    _main_scatterload                        0x080001cd   Thumb Code     0  entry5.o(.ARM.Collect$$$$00000004)
    __main_after_scatterload                 0x080001d1   Thumb Code     0  entry5.o(.ARM.Collect$$$$00000004)
    _main_clock                              0x080001d1   Thumb Code     0  entry7b.o(.ARM.Collect$$$$00000008)
    _main_cpp_init                           0x080001d1   Thumb Code     0  entry8b.o(.ARM.Collect$$$$0000000A)
    _main_init                               0x080001d1   Thumb Code     0  entry9a.o(.ARM.Collect$$$$0000000B)
    __rt_final_cpp                           0x080001d9   Thumb Code     0  entry10a.o(.ARM.Collect$$$$0000000D)
    __rt_final_exit                          0x080001d9   Thumb Code     0  entry11a.o(.ARM.Collect$$$$0000000F)
    vRegTest1Implementation                  0x080001dd   Thumb Code   396  regtest_keil.o(.emb_text)
    vRegTest2Implementation                  0x0800036d   Thumb Code   416  regtest_keil.o(.emb_text)
    SVC_Handler                              0x08000515   Thumb Code    28  port.o(.emb_text)
    __asm___6_port_c_39a90d8d__prvStartFirstTask 0x08000535   Thumb Code    28  port.o(.emb_text)
    __asm___6_port_c_39a90d8d__prvEnableVFP  0x08000555   Thumb Code    16  port.o(.emb_text)
    PendSV_Handler                           0x08000569   Thumb Code    92  port.o(.emb_text)
    vPortGetIPSR                             0x080005c9   Thumb Code     6  port.o(.emb_text)
    vAssertCalled                            0x080005d1   Thumb Code    30  main.o(.text)
    main                                     0x080006cb   Thumb Code    14  main.o(.text)
    vApplicationMallocFailedHook             0x080006d9   Thumb Code    12  main.o(.text)
    vApplicationStackOverflowHook            0x080006e5   Thumb Code    16  main.o(.text)
    vApplicationIdleHook                     0x080006f5   Thumb Code    12  main.o(.text)
    vApplicationTickHook                     0x08000701   Thumb Code    28  main.o(.text)
    main_full                                0x08000869   Thumb Code   144  main_full.o(.text)
    vInitialiseTimerForIntQueueTest          0x08000959   Thumb Code   256  intqueuetimer.o(.text)
    TIM2_IRQHandler                          0x08000a59   Thumb Code    36  intqueuetimer.o(.text)
    TIM3_IRQHandler                          0x08000a7d   Thumb Code    36  intqueuetimer.o(.text)
    TIM4_IRQHandler                          0x08000aa1   Thumb Code    20  intqueuetimer.o(.text)
    HAL_InitTick                             0x08000aff   Thumb Code    36  stm32f7xx_hal.o(.text)
    HAL_Init                                 0x08000b23   Thumb Code    34  stm32f7xx_hal.o(.text)
    HAL_DeInit                               0x08000b47   Thumb Code    64  stm32f7xx_hal.o(.text)
    HAL_IncTick                              0x08000b87   Thumb Code    12  stm32f7xx_hal.o(.text)
    HAL_GetTick                              0x08000b93   Thumb Code     6  stm32f7xx_hal.o(.text)
    HAL_Delay                                0x08000b99   Thumb Code    26  stm32f7xx_hal.o(.text)
    HAL_SuspendTick                          0x08000bb3   Thumb Code    18  stm32f7xx_hal.o(.text)
    HAL_ResumeTick                           0x08000bc5   Thumb Code    18  stm32f7xx_hal.o(.text)
    HAL_GetHalVersion                        0x08000bd7   Thumb Code     6  stm32f7xx_hal.o(.text)
    HAL_GetREVID                             0x08000bdd   Thumb Code     8  stm32f7xx_hal.o(.text)
    HAL_GetDEVID                             0x08000be5   Thumb Code    10  stm32f7xx_hal.o(.text)
    HAL_DBGMCU_EnableDBGSleepMode            0x08000bef   Thumb Code    14  stm32f7xx_hal.o(.text)
    HAL_DBGMCU_DisableDBGSleepMode           0x08000bfd   Thumb Code    14  stm32f7xx_hal.o(.text)
    HAL_DBGMCU_EnableDBGStopMode             0x08000c0b   Thumb Code    14  stm32f7xx_hal.o(.text)
    HAL_DBGMCU_DisableDBGStopMode            0x08000c19   Thumb Code    14  stm32f7xx_hal.o(.text)
    HAL_DBGMCU_EnableDBGStandbyMode          0x08000c27   Thumb Code    14  stm32f7xx_hal.o(.text)
    HAL_DBGMCU_DisableDBGStandbyMode         0x08000c35   Thumb Code    14  stm32f7xx_hal.o(.text)
    HAL_EnableCompensationCell               0x08000c43   Thumb Code    14  stm32f7xx_hal.o(.text)
    HAL_DisableCompensationCell              0x08000c51   Thumb Code    14  stm32f7xx_hal.o(.text)
    HAL_EnableFMCMemorySwapping              0x08000c5f   Thumb Code    18  stm32f7xx_hal.o(.text)
    HAL_DisableFMCMemorySwapping             0x08000c71   Thumb Code    18  stm32f7xx_hal.o(.text)
    HAL_NVIC_SetPriorityGrouping             0x08000cb9   Thumb Code    36  stm32f7xx_hal_cortex.o(.text)
    HAL_NVIC_SetPriority                     0x08000cdd   Thumb Code   124  stm32f7xx_hal_cortex.o(.text)
    HAL_NVIC_EnableIRQ                       0x08000d59   Thumb Code    26  stm32f7xx_hal_cortex.o(.text)
    HAL_NVIC_DisableIRQ                      0x08000d73   Thumb Code    22  stm32f7xx_hal_cortex.o(.text)
    HAL_NVIC_SystemReset                     0x08000d89   Thumb Code    64  stm32f7xx_hal_cortex.o(.text)
    HAL_SYSTICK_Config                       0x08000dc9   Thumb Code    52  stm32f7xx_hal_cortex.o(.text)
    HAL_MPU_ConfigRegion                     0x08000dfd   Thumb Code    90  stm32f7xx_hal_cortex.o(.text)
    HAL_NVIC_GetPriorityGrouping             0x08000e57   Thumb Code     8  stm32f7xx_hal_cortex.o(.text)
    HAL_NVIC_GetPriority                     0x08000e5f   Thumb Code   138  stm32f7xx_hal_cortex.o(.text)
    HAL_NVIC_SetPendingIRQ                   0x08000ee9   Thumb Code    24  stm32f7xx_hal_cortex.o(.text)
    HAL_NVIC_GetPendingIRQ                   0x08000f01   Thumb Code    38  stm32f7xx_hal_cortex.o(.text)
    HAL_NVIC_ClearPendingIRQ                 0x08000f27   Thumb Code    22  stm32f7xx_hal_cortex.o(.text)
    HAL_NVIC_GetActive                       0x08000f3d   Thumb Code    38  stm32f7xx_hal_cortex.o(.text)
    HAL_SYSTICK_CLKSourceConfig              0x08000f63   Thumb Code    40  stm32f7xx_hal_cortex.o(.text)
    HAL_SYSTICK_Callback                     0x08000f8b   Thumb Code     2  stm32f7xx_hal_cortex.o(.text)
    HAL_SYSTICK_IRQHandler                   0x08000f8d   Thumb Code     8  stm32f7xx_hal_cortex.o(.text)
    HAL_GPIO_Init                            0x08000fb5   Thumb Code   484  stm32f7xx_hal_gpio.o(.text)
    HAL_GPIO_DeInit                          0x08001199   Thumb Code   336  stm32f7xx_hal_gpio.o(.text)
    HAL_GPIO_ReadPin                         0x080012e9   Thumb Code    16  stm32f7xx_hal_gpio.o(.text)
    HAL_GPIO_WritePin                        0x080012f9   Thumb Code    12  stm32f7xx_hal_gpio.o(.text)
    HAL_GPIO_TogglePin                       0x08001305   Thumb Code     8  stm32f7xx_hal_gpio.o(.text)
    HAL_GPIO_LockPin                         0x0800130d   Thumb Code    46  stm32f7xx_hal_gpio.o(.text)
    HAL_GPIO_EXTI_Callback                   0x0800133b   Thumb Code     2  stm32f7xx_hal_gpio.o(.text)
    HAL_GPIO_EXTI_IRQHandler                 0x0800133d   Thumb Code    28  stm32f7xx_hal_gpio.o(.text)
    HAL_RCC_DeInit                           0x0800138d   Thumb Code    96  stm32f7xx_hal_rcc.o(.text)
    HAL_RCC_OscConfig                        0x080013ed   Thumb Code  1326  stm32f7xx_hal_rcc.o(.text)
    HAL_RCC_ClockConfig                      0x0800191b   Thumb Code   652  stm32f7xx_hal_rcc.o(.text)
    HAL_RCC_MCOConfig                        0x08001ba7   Thumb Code   170  stm32f7xx_hal_rcc.o(.text)
    HAL_RCC_EnableCSS                        0x08001c51   Thumb Code    18  stm32f7xx_hal_rcc.o(.text)
    HAL_RCC_DisableCSS                       0x08001c63   Thumb Code    18  stm32f7xx_hal_rcc.o(.text)
    HAL_RCC_GetSysClockFreq                  0x08001c75   Thumb Code   168  stm32f7xx_hal_rcc.o(.text)
    HAL_RCC_GetHCLKFreq                      0x08001d1d   Thumb Code    42  stm32f7xx_hal_rcc.o(.text)
    HAL_RCC_GetPCLK1Freq                     0x08001d47   Thumb Code    36  stm32f7xx_hal_rcc.o(.text)
    HAL_RCC_GetPCLK2Freq                     0x08001d6b   Thumb Code    36  stm32f7xx_hal_rcc.o(.text)
    HAL_RCC_GetOscConfig                     0x08001d8f   Thumb Code   300  stm32f7xx_hal_rcc.o(.text)
    HAL_RCC_GetClockConfig                   0x08001ebb   Thumb Code    58  stm32f7xx_hal_rcc.o(.text)
    HAL_RCC_CSSCallback                      0x08001ef5   Thumb Code     2  stm32f7xx_hal_rcc.o(.text)
    HAL_RCC_NMI_IRQHandler                   0x08001ef7   Thumb Code    30  stm32f7xx_hal_rcc.o(.text)
    TIM_Base_SetConfig                       0x08001f35   Thumb Code   184  stm32f7xx_hal_tim.o(.text)
    HAL_TIM_Base_MspInit                     0x08001fed   Thumb Code     2  stm32f7xx_hal_tim.o(.text)
    HAL_TIM_Base_Init                        0x08001fef   Thumb Code    46  stm32f7xx_hal_tim.o(.text)
    HAL_TIM_Base_MspDeInit                   0x0800201d   Thumb Code     2  stm32f7xx_hal_tim.o(.text)
    HAL_TIM_Base_DeInit                      0x0800201f   Thumb Code    70  stm32f7xx_hal_tim.o(.text)
    HAL_TIM_Base_Start                       0x08002065   Thumb Code    30  stm32f7xx_hal_tim.o(.text)
    HAL_TIM_Base_Stop                        0x08002083   Thumb Code    56  stm32f7xx_hal_tim.o(.text)
    HAL_TIM_Base_Start_IT                    0x080020bb   Thumb Code    30  stm32f7xx_hal_tim.o(.text)
    HAL_TIM_Base_Stop_IT                     0x080020d9   Thumb Code    56  stm32f7xx_hal_tim.o(.text)
    HAL_TIM_ErrorCallback                    0x08002111   Thumb Code     2  stm32f7xx_hal_tim.o(.text)
    TIM_DMAError                             0x08002113   Thumb Code    20  stm32f7xx_hal_tim.o(.text)
    HAL_TIM_PeriodElapsedCallback            0x08002127   Thumb Code     2  stm32f7xx_hal_tim.o(.text)
    HAL_TIM_Base_Start_DMA                   0x0800213d   Thumb Code    98  stm32f7xx_hal_tim.o(.text)
    HAL_TIM_Base_Stop_DMA                    0x0800219f   Thumb Code    62  stm32f7xx_hal_tim.o(.text)
    HAL_TIM_OC_MspInit                       0x080021dd   Thumb Code     2  stm32f7xx_hal_tim.o(.text)
    HAL_TIM_OC_Init                          0x080021df   Thumb Code    52  stm32f7xx_hal_tim.o(.text)
    HAL_TIM_OC_MspDeInit                     0x08002213   Thumb Code     2  stm32f7xx_hal_tim.o(.text)
    HAL_TIM_OC_DeInit                        0x08002215   Thumb Code    70  stm32f7xx_hal_tim.o(.text)
    TIM_CCxChannelCmd                        0x0800225b   Thumb Code    28  stm32f7xx_hal_tim.o(.text)
    HAL_TIM_OC_Start                         0x08002277   Thumb Code    68  stm32f7xx_hal_tim.o(.text)
    HAL_TIM_OC_Stop                          0x080022bb   Thumb Code   170  stm32f7xx_hal_tim.o(.text)
    HAL_TIM_OC_Start_IT                      0x08002365   Thumb Code   144  stm32f7xx_hal_tim.o(.text)
    HAL_TIM_OC_Stop_IT                       0x080023f5   Thumb Code   196  stm32f7xx_hal_tim.o(.text)
    HAL_TIM_PWM_PulseFinishedCallback        0x080024b9   Thumb Code     2  stm32f7xx_hal_tim.o(.text)
    TIM_DMADelayPulseCplt                    0x080024bb   Thumb Code    70  stm32f7xx_hal_tim.o(.text)
    HAL_TIM_OC_Start_DMA                     0x08002501   Thumb Code   312  stm32f7xx_hal_tim.o(.text)
    HAL_TIM_OC_Stop_DMA                      0x08002639   Thumb Code   202  stm32f7xx_hal_tim.o(.text)
    HAL_TIM_PWM_MspInit                      0x08002703   Thumb Code     2  stm32f7xx_hal_tim.o(.text)
    HAL_TIM_PWM_Init                         0x08002705   Thumb Code    52  stm32f7xx_hal_tim.o(.text)
    HAL_TIM_PWM_MspDeInit                    0x08002739   Thumb Code     2  stm32f7xx_hal_tim.o(.text)
    HAL_TIM_PWM_DeInit                       0x0800273b   Thumb Code    70  stm32f7xx_hal_tim.o(.text)
    HAL_TIM_PWM_Start                        0x08002781   Thumb Code    76  stm32f7xx_hal_tim.o(.text)
    HAL_TIM_PWM_Stop                         0x080027cd   Thumb Code   126  stm32f7xx_hal_tim.o(.text)
    HAL_TIM_PWM_Start_IT                     0x0800284b   Thumb Code   144  stm32f7xx_hal_tim.o(.text)
    HAL_TIM_PWM_Stop_IT                      0x080028db   Thumb Code   196  stm32f7xx_hal_tim.o(.text)
    HAL_TIM_PWM_Start_DMA                    0x0800299f   Thumb Code   312  stm32f7xx_hal_tim.o(.text)
    HAL_TIM_PWM_Stop_DMA                     0x08002ad7   Thumb Code   202  stm32f7xx_hal_tim.o(.text)
    HAL_TIM_IC_MspInit                       0x08002ba1   Thumb Code     2  stm32f7xx_hal_tim.o(.text)
    HAL_TIM_IC_Init                          0x08002ba3   Thumb Code    62  stm32f7xx_hal_tim.o(.text)
    HAL_TIM_IC_MspDeInit                     0x08002be1   Thumb Code     2  stm32f7xx_hal_tim.o(.text)
    HAL_TIM_IC_DeInit                        0x08002be3   Thumb Code    70  stm32f7xx_hal_tim.o(.text)
    HAL_TIM_IC_Start                         0x08002c29   Thumb Code    32  stm32f7xx_hal_tim.o(.text)
    HAL_TIM_IC_Stop                          0x08002c49   Thumb Code    58  stm32f7xx_hal_tim.o(.text)
    HAL_TIM_IC_Start_IT                      0x08002c83   Thumb Code   108  stm32f7xx_hal_tim.o(.text)
    HAL_TIM_IC_Stop_IT                       0x08002cef   Thumb Code   134  stm32f7xx_hal_tim.o(.text)
    HAL_TIM_IC_CaptureCallback               0x08002d75   Thumb Code     2  stm32f7xx_hal_tim.o(.text)
    TIM_DMACaptureCplt                       0x08002d77   Thumb Code    70  stm32f7xx_hal_tim.o(.text)
    HAL_TIM_IC_Start_DMA                     0x08002dbd   Thumb Code   276  stm32f7xx_hal_tim.o(.text)
    HAL_TIM_IC_Stop_DMA                      0x08002ed1   Thumb Code   140  stm32f7xx_hal_tim.o(.text)
    HAL_TIM_OnePulse_MspInit                 0x08002f5d   Thumb Code     2  stm32f7xx_hal_tim.o(.text)
    HAL_TIM_OnePulse_Init                    0x08002f5f   Thumb Code    76  stm32f7xx_hal_tim.o(.text)
    HAL_TIM_OnePulse_MspDeInit               0x08002fab   Thumb Code     2  stm32f7xx_hal_tim.o(.text)
    HAL_TIM_OnePulse_DeInit                  0x08002fad   Thumb Code    70  stm32f7xx_hal_tim.o(.text)
    HAL_TIM_OnePulse_Start                   0x08002ff3   Thumb Code    66  stm32f7xx_hal_tim.o(.text)
    HAL_TIM_OnePulse_Stop                    0x08003035   Thumb Code   130  stm32f7xx_hal_tim.o(.text)
    HAL_TIM_OnePulse_Start_IT                0x080030b7   Thumb Code    90  stm32f7xx_hal_tim.o(.text)
    HAL_TIM_OnePulse_Stop_IT                 0x08003111   Thumb Code   154  stm32f7xx_hal_tim.o(.text)
    HAL_TIM_Encoder_MspInit                  0x080031ab   Thumb Code     2  stm32f7xx_hal_tim.o(.text)
    HAL_TIM_Encoder_Init                     0x080031ad   Thumb Code   180  stm32f7xx_hal_tim.o(.text)
    HAL_TIM_Encoder_MspDeInit                0x08003261   Thumb Code     2  stm32f7xx_hal_tim.o(.text)
    HAL_TIM_Encoder_DeInit                   0x08003263   Thumb Code    70  stm32f7xx_hal_tim.o(.text)
    HAL_TIM_Encoder_Start                    0x080032a9   Thumb Code    78  stm32f7xx_hal_tim.o(.text)
    HAL_TIM_Encoder_Stop                     0x080032f7   Thumb Code   104  stm32f7xx_hal_tim.o(.text)
    HAL_TIM_Encoder_Start_IT                 0x0800335f   Thumb Code   126  stm32f7xx_hal_tim.o(.text)
    HAL_TIM_Encoder_Stop_IT                  0x080033dd   Thumb Code   164  stm32f7xx_hal_tim.o(.text)
    HAL_TIM_Encoder_Start_DMA                0x08003481   Thumb Code   328  stm32f7xx_hal_tim.o(.text)
    HAL_TIM_Encoder_Stop_DMA                 0x080035c9   Thumb Code   152  stm32f7xx_hal_tim.o(.text)
    HAL_TIM_TriggerCallback                  0x08003661   Thumb Code     2  stm32f7xx_hal_tim.o(.text)
    HAL_TIM_OC_DelayElapsedCallback          0x08003663   Thumb Code     2  stm32f7xx_hal_tim.o(.text)
    HAL_TIM_IRQHandler                       0x08003665   Thumb Code   440  stm32f7xx_hal_tim.o(.text)
    TIM_OC4_SetConfig                        0x0800381d   Thumb Code    88  stm32f7xx_hal_tim.o(.text)
    TIM_OC3_SetConfig                        0x08003875   Thumb Code   130  stm32f7xx_hal_tim.o(.text)
    TIM_OC2_SetConfig                        0x080038f7   Thumb Code   112  stm32f7xx_hal_tim.o(.text)
    TIM_OC1_SetConfig                        0x08003967   Thumb Code   102  stm32f7xx_hal_tim.o(.text)
    TIM_TI1_SetConfig                        0x08003afb   Thumb Code   118  stm32f7xx_hal_tim.o(.text)
    HAL_TIM_IC_ConfigChannel                 0x08003b71   Thumb Code   224  stm32f7xx_hal_tim.o(.text)
    HAL_TIM_OnePulse_ConfigChannel           0x08003d81   Thumb Code   286  stm32f7xx_hal_tim.o(.text)
    HAL_TIM_DMABurst_WriteStart              0x08003eb3   Thumb Code   366  stm32f7xx_hal_tim.o(.text)
    HAL_TIM_DMABurst_WriteStop               0x08004021   Thumb Code   128  stm32f7xx_hal_tim.o(.text)
    HAL_TIM_DMABurst_ReadStart               0x080040a1   Thumb Code   396  stm32f7xx_hal_tim.o(.text)
    HAL_TIM_DMABurst_ReadStop                0x0800422d   Thumb Code   128  stm32f7xx_hal_tim.o(.text)
    HAL_TIM_GenerateEvent                    0x080042ad   Thumb Code    54  stm32f7xx_hal_tim.o(.text)
    TIM_ETR_SetConfig                        0x080042e3   Thumb Code    24  stm32f7xx_hal_tim.o(.text)
    HAL_TIM_ConfigClockSource                0x08004443   Thumb Code   308  stm32f7xx_hal_tim.o(.text)
    HAL_TIM_ConfigTI1Input                   0x08004577   Thumb Code    24  stm32f7xx_hal_tim.o(.text)
    HAL_TIM_SlaveConfigSynchronization       0x0800458f   Thumb Code   212  stm32f7xx_hal_tim.o(.text)
    HAL_TIM_SlaveConfigSynchronization_IT    0x08004709   Thumb Code    86  stm32f7xx_hal_tim.o(.text)
    HAL_TIM_ReadCapturedValue                0x0800475f   Thumb Code    84  stm32f7xx_hal_tim.o(.text)
    HAL_TIM_Base_GetState                    0x080047b3   Thumb Code     8  stm32f7xx_hal_tim.o(.text)
    HAL_TIM_OC_GetState                      0x080047bb   Thumb Code     8  stm32f7xx_hal_tim.o(.text)
    HAL_TIM_PWM_GetState                     0x080047c3   Thumb Code     8  stm32f7xx_hal_tim.o(.text)
    HAL_TIM_IC_GetState                      0x080047cb   Thumb Code     8  stm32f7xx_hal_tim.o(.text)
    HAL_TIM_OnePulse_GetState                0x080047d3   Thumb Code     8  stm32f7xx_hal_tim.o(.text)
    HAL_TIM_Encoder_GetState                 0x080047db   Thumb Code     8  stm32f7xx_hal_tim.o(.text)
    HAL_DMA_Init                             0x08004815   Thumb Code   120  stm32f7xx_hal_dma.o(.text)
    HAL_DMA_DeInit                           0x0800488d   Thumb Code  3952  stm32f7xx_hal_dma.o(.text)
    HAL_DMA_Start                            0x080057fd   Thumb Code    82  stm32f7xx_hal_dma.o(.text)
    HAL_DMA_Start_IT                         0x0800584f   Thumb Code   142  stm32f7xx_hal_dma.o(.text)
    HAL_DMA_Abort                            0x080058dd   Thumb Code    94  stm32f7xx_hal_dma.o(.text)
    HAL_DMA_PollForTransfer                  0x0800593b   Thumb Code 10074  stm32f7xx_hal_dma.o(.text)
    HAL_DMA_IRQHandler                       0x08008095   Thumb Code  9776  stm32f7xx_hal_dma.o(.text)
    HAL_DMA_GetState                         0x0800a6c5   Thumb Code     8  stm32f7xx_hal_dma.o(.text)
    HAL_DMA_GetError                         0x0800a6cd   Thumb Code     6  stm32f7xx_hal_dma.o(.text)
    HAL_TIMEx_HallSensor_MspInit             0x0800a6dd   Thumb Code     2  stm32f7xx_hal_tim_ex.o(.text)
    HAL_TIMEx_HallSensor_Init                0x0800a6df   Thumb Code   196  stm32f7xx_hal_tim_ex.o(.text)
    HAL_TIMEx_HallSensor_MspDeInit           0x0800a7a3   Thumb Code     2  stm32f7xx_hal_tim_ex.o(.text)
    HAL_TIMEx_HallSensor_DeInit              0x0800a7a5   Thumb Code    70  stm32f7xx_hal_tim_ex.o(.text)
    HAL_TIMEx_HallSensor_Start               0x0800a7eb   Thumb Code    30  stm32f7xx_hal_tim_ex.o(.text)
    HAL_TIMEx_HallSensor_Stop                0x0800a809   Thumb Code    56  stm32f7xx_hal_tim_ex.o(.text)
    HAL_TIMEx_HallSensor_Start_IT            0x0800a841   Thumb Code    42  stm32f7xx_hal_tim_ex.o(.text)
    HAL_TIMEx_HallSensor_Stop_IT             0x0800a86b   Thumb Code    68  stm32f7xx_hal_tim_ex.o(.text)
    HAL_TIMEx_HallSensor_Start_DMA           0x0800a8af   Thumb Code   106  stm32f7xx_hal_tim_ex.o(.text)
    HAL_TIMEx_HallSensor_Stop_DMA            0x0800a919   Thumb Code    68  stm32f7xx_hal_tim_ex.o(.text)
    HAL_TIMEx_OCN_Start                      0x0800a979   Thumb Code    44  stm32f7xx_hal_tim_ex.o(.text)
    HAL_TIMEx_OCN_Stop                       0x0800a9a5   Thumb Code    96  stm32f7xx_hal_tim_ex.o(.text)
    HAL_TIMEx_OCN_Start_IT                   0x0800aa05   Thumb Code   132  stm32f7xx_hal_tim_ex.o(.text)
    HAL_TIMEx_OCN_Stop_IT                    0x0800aa89   Thumb Code   212  stm32f7xx_hal_tim_ex.o(.text)
    HAL_TIMEx_OCN_Start_DMA                  0x0800ab5d   Thumb Code   272  stm32f7xx_hal_tim_ex.o(.text)
    HAL_TIMEx_OCN_Stop_DMA                   0x0800ac6d   Thumb Code   178  stm32f7xx_hal_tim_ex.o(.text)
    HAL_TIMEx_PWMN_Start                     0x0800ad1f   Thumb Code    44  stm32f7xx_hal_tim_ex.o(.text)
    HAL_TIMEx_PWMN_Stop                      0x0800ad4b   Thumb Code    96  stm32f7xx_hal_tim_ex.o(.text)
    HAL_TIMEx_PWMN_Start_IT                  0x0800adab   Thumb Code   132  stm32f7xx_hal_tim_ex.o(.text)
    HAL_TIMEx_PWMN_Stop_IT                   0x0800ae2f   Thumb Code   198  stm32f7xx_hal_tim_ex.o(.text)
    HAL_TIMEx_PWMN_Start_DMA                 0x0800aef5   Thumb Code   282  stm32f7xx_hal_tim_ex.o(.text)
    HAL_TIMEx_PWMN_Stop_DMA                  0x0800b00f   Thumb Code   178  stm32f7xx_hal_tim_ex.o(.text)
    HAL_TIMEx_OnePulseN_Start                0x0800b0c1   Thumb Code    32  stm32f7xx_hal_tim_ex.o(.text)
    HAL_TIMEx_OnePulseN_Stop                 0x0800b0e1   Thumb Code    96  stm32f7xx_hal_tim_ex.o(.text)
    HAL_TIMEx_OnePulseN_Start_IT             0x0800b141   Thumb Code    56  stm32f7xx_hal_tim_ex.o(.text)
    HAL_TIMEx_OnePulseN_Stop_IT              0x0800b179   Thumb Code   120  stm32f7xx_hal_tim_ex.o(.text)
    HAL_TIMEx_ConfigCommutationEvent         0x0800b1f1   Thumb Code   110  stm32f7xx_hal_tim_ex.o(.text)
    HAL_TIMEx_ConfigCommutationEvent_IT      0x0800b25f   Thumb Code   122  stm32f7xx_hal_tim_ex.o(.text)
    HAL_TIMEx_CommutationCallback            0x0800b2d9   Thumb Code     2  stm32f7xx_hal_tim_ex.o(.text)
    TIMEx_DMACommutationCplt                 0x0800b2db   Thumb Code    20  stm32f7xx_hal_tim_ex.o(.text)
    HAL_TIMEx_ConfigCommutationEvent_DMA     0x0800b2ef   Thumb Code   146  stm32f7xx_hal_tim_ex.o(.text)
    HAL_TIM_OC_ConfigChannel                 0x0800b417   Thumb Code   148  stm32f7xx_hal_tim_ex.o(.text)
    HAL_TIM_PWM_ConfigChannel                0x0800b4ab   Thumb Code   372  stm32f7xx_hal_tim_ex.o(.text)
    HAL_TIM_ConfigOCrefClear                 0x0800b61f   Thumb Code   362  stm32f7xx_hal_tim_ex.o(.text)
    HAL_TIMEx_MasterConfigSynchronization    0x0800b789   Thumb Code    98  stm32f7xx_hal_tim_ex.o(.text)
    HAL_TIMEx_ConfigBreakDeadTime            0x0800b7eb   Thumb Code   104  stm32f7xx_hal_tim_ex.o(.text)
    HAL_TIMEx_RemapConfig                    0x0800b853   Thumb Code    48  stm32f7xx_hal_tim_ex.o(.text)
    HAL_TIMEx_GroupChannel5                  0x0800b883   Thumb Code    72  stm32f7xx_hal_tim_ex.o(.text)
    HAL_TIMEx_BreakCallback                  0x0800b8cb   Thumb Code     2  stm32f7xx_hal_tim_ex.o(.text)
    HAL_TIMEx_HallSensor_GetState            0x0800b8cd   Thumb Code     8  stm32f7xx_hal_tim_ex.o(.text)
    SystemInit                               0x0800b8dd   Thumb Code    82  system_stm32f7xx.o(.text)
    SystemCoreClockUpdate                    0x0800b92f   Thumb Code   174  system_stm32f7xx.o(.text)
    NMI_Handler                              0x0800b9fd   Thumb Code     2  stm32f7xx_it.o(.text)
    HardFault_Handler                        0x0800b9ff   Thumb Code     4  stm32f7xx_it.o(.text)
    MemManage_Handler                        0x0800ba03   Thumb Code     4  stm32f7xx_it.o(.text)
    BusFault_Handler                         0x0800ba07   Thumb Code     4  stm32f7xx_it.o(.text)
    UsageFault_Handler                       0x0800ba0b   Thumb Code     4  stm32f7xx_it.o(.text)
    DebugMon_Handler                         0x0800ba11   Thumb Code     2  stm32f7xx_it.o(.text)
    HAL_MspInit                              0x0800ba17   Thumb Code     2  stm32f7xx_hal_msp.o(.text)
    HAL_MspDeInit                            0x0800ba19   Thumb Code     2  stm32f7xx_hal_msp.o(.text)
    Reset_Handler                            0x0800ba1d   Thumb Code     8  startup_stm32f756xx.o(.text)
    ADC_IRQHandler                           0x0800ba37   Thumb Code     0  startup_stm32f756xx.o(.text)
    CAN1_RX0_IRQHandler                      0x0800ba37   Thumb Code     0  startup_stm32f756xx.o(.text)
    CAN1_RX1_IRQHandler                      0x0800ba37   Thumb Code     0  startup_stm32f756xx.o(.text)
    CAN1_SCE_IRQHandler                      0x0800ba37   Thumb Code     0  startup_stm32f756xx.o(.text)
    CAN1_TX_IRQHandler                       0x0800ba37   Thumb Code     0  startup_stm32f756xx.o(.text)
    CAN2_RX0_IRQHandler                      0x0800ba37   Thumb Code     0  startup_stm32f756xx.o(.text)
    CAN2_RX1_IRQHandler                      0x0800ba37   Thumb Code     0  startup_stm32f756xx.o(.text)
    CAN2_SCE_IRQHandler                      0x0800ba37   Thumb Code     0  startup_stm32f756xx.o(.text)
    CAN2_TX_IRQHandler                       0x0800ba37   Thumb Code     0  startup_stm32f756xx.o(.text)
    CEC_IRQHandler                           0x0800ba37   Thumb Code     0  startup_stm32f756xx.o(.text)
    CRYP_IRQHandler                          0x0800ba37   Thumb Code     0  startup_stm32f756xx.o(.text)
    DCMI_IRQHandler                          0x0800ba37   Thumb Code     0  startup_stm32f756xx.o(.text)
    DMA1_Stream0_IRQHandler                  0x0800ba37   Thumb Code     0  startup_stm32f756xx.o(.text)
    DMA1_Stream1_IRQHandler                  0x0800ba37   Thumb Code     0  startup_stm32f756xx.o(.text)
    DMA1_Stream2_IRQHandler                  0x0800ba37   Thumb Code     0  startup_stm32f756xx.o(.text)
    DMA1_Stream3_IRQHandler                  0x0800ba37   Thumb Code     0  startup_stm32f756xx.o(.text)
    DMA1_Stream4_IRQHandler                  0x0800ba37   Thumb Code     0  startup_stm32f756xx.o(.text)
    DMA1_Stream5_IRQHandler                  0x0800ba37   Thumb Code     0  startup_stm32f756xx.o(.text)
    DMA1_Stream6_IRQHandler                  0x0800ba37   Thumb Code     0  startup_stm32f756xx.o(.text)
    DMA1_Stream7_IRQHandler                  0x0800ba37   Thumb Code     0  startup_stm32f756xx.o(.text)
    DMA2D_IRQHandler                         0x0800ba37   Thumb Code     0  startup_stm32f756xx.o(.text)
    DMA2_Stream0_IRQHandler                  0x0800ba37   Thumb Code     0  startup_stm32f756xx.o(.text)
    DMA2_Stream1_IRQHandler                  0x0800ba37   Thumb Code     0  startup_stm32f756xx.o(.text)
    DMA2_Stream2_IRQHandler                  0x0800ba37   Thumb Code     0  startup_stm32f756xx.o(.text)
    DMA2_Stream3_IRQHandler                  0x0800ba37   Thumb Code     0  startup_stm32f756xx.o(.text)
    DMA2_Stream4_IRQHandler                  0x0800ba37   Thumb Code     0  startup_stm32f756xx.o(.text)
    DMA2_Stream5_IRQHandler                  0x0800ba37   Thumb Code     0  startup_stm32f756xx.o(.text)
    DMA2_Stream6_IRQHandler                  0x0800ba37   Thumb Code     0  startup_stm32f756xx.o(.text)
    DMA2_Stream7_IRQHandler                  0x0800ba37   Thumb Code     0  startup_stm32f756xx.o(.text)
    ETH_IRQHandler                           0x0800ba37   Thumb Code     0  startup_stm32f756xx.o(.text)
    ETH_WKUP_IRQHandler                      0x0800ba37   Thumb Code     0  startup_stm32f756xx.o(.text)
    EXTI0_IRQHandler                         0x0800ba37   Thumb Code     0  startup_stm32f756xx.o(.text)
    EXTI15_10_IRQHandler                     0x0800ba37   Thumb Code     0  startup_stm32f756xx.o(.text)
    EXTI1_IRQHandler                         0x0800ba37   Thumb Code     0  startup_stm32f756xx.o(.text)
    EXTI2_IRQHandler                         0x0800ba37   Thumb Code     0  startup_stm32f756xx.o(.text)
    EXTI3_IRQHandler                         0x0800ba37   Thumb Code     0  startup_stm32f756xx.o(.text)
    EXTI4_IRQHandler                         0x0800ba37   Thumb Code     0  startup_stm32f756xx.o(.text)
    EXTI9_5_IRQHandler                       0x0800ba37   Thumb Code     0  startup_stm32f756xx.o(.text)
    FLASH_IRQHandler                         0x0800ba37   Thumb Code     0  startup_stm32f756xx.o(.text)
    FMC_IRQHandler                           0x0800ba37   Thumb Code     0  startup_stm32f756xx.o(.text)
    FPU_IRQHandler                           0x0800ba37   Thumb Code     0  startup_stm32f756xx.o(.text)
    HASH_RNG_IRQHandler                      0x0800ba37   Thumb Code     0  startup_stm32f756xx.o(.text)
    I2C1_ER_IRQHandler                       0x0800ba37   Thumb Code     0  startup_stm32f756xx.o(.text)
    I2C1_EV_IRQHandler                       0x0800ba37   Thumb Code     0  startup_stm32f756xx.o(.text)
    I2C2_ER_IRQHandler                       0x0800ba37   Thumb Code     0  startup_stm32f756xx.o(.text)
    I2C2_EV_IRQHandler                       0x0800ba37   Thumb Code     0  startup_stm32f756xx.o(.text)
    I2C3_ER_IRQHandler                       0x0800ba37   Thumb Code     0  startup_stm32f756xx.o(.text)
    I2C3_EV_IRQHandler                       0x0800ba37   Thumb Code     0  startup_stm32f756xx.o(.text)
    I2C4_ER_IRQHandler                       0x0800ba37   Thumb Code     0  startup_stm32f756xx.o(.text)
    I2C4_EV_IRQHandler                       0x0800ba37   Thumb Code     0  startup_stm32f756xx.o(.text)
    LPTIM1_IRQHandler                        0x0800ba37   Thumb Code     0  startup_stm32f756xx.o(.text)
    LTDC_ER_IRQHandler                       0x0800ba37   Thumb Code     0  startup_stm32f756xx.o(.text)
    LTDC_IRQHandler                          0x0800ba37   Thumb Code     0  startup_stm32f756xx.o(.text)
    OTG_FS_IRQHandler                        0x0800ba37   Thumb Code     0  startup_stm32f756xx.o(.text)
    OTG_FS_WKUP_IRQHandler                   0x0800ba37   Thumb Code     0  startup_stm32f756xx.o(.text)
    OTG_HS_EP1_IN_IRQHandler                 0x0800ba37   Thumb Code     0  startup_stm32f756xx.o(.text)
    OTG_HS_EP1_OUT_IRQHandler                0x0800ba37   Thumb Code     0  startup_stm32f756xx.o(.text)
    OTG_HS_IRQHandler                        0x0800ba37   Thumb Code     0  startup_stm32f756xx.o(.text)
    OTG_HS_WKUP_IRQHandler                   0x0800ba37   Thumb Code     0  startup_stm32f756xx.o(.text)
    PVD_IRQHandler                           0x0800ba37   Thumb Code     0  startup_stm32f756xx.o(.text)
    QUADSPI_IRQHandler                       0x0800ba37   Thumb Code     0  startup_stm32f756xx.o(.text)
    RCC_IRQHandler                           0x0800ba37   Thumb Code     0  startup_stm32f756xx.o(.text)
    RTC_Alarm_IRQHandler                     0x0800ba37   Thumb Code     0  startup_stm32f756xx.o(.text)
    RTC_WKUP_IRQHandler                      0x0800ba37   Thumb Code     0  startup_stm32f756xx.o(.text)
    SAI1_IRQHandler                          0x0800ba37   Thumb Code     0  startup_stm32f756xx.o(.text)
    SAI2_IRQHandler                          0x0800ba37   Thumb Code     0  startup_stm32f756xx.o(.text)
    SDMMC1_IRQHandler                        0x0800ba37   Thumb Code     0  startup_stm32f756xx.o(.text)
    SPDIF_RX_IRQHandler                      0x0800ba37   Thumb Code     0  startup_stm32f756xx.o(.text)
    SPI1_IRQHandler                          0x0800ba37   Thumb Code     0  startup_stm32f756xx.o(.text)
    SPI2_IRQHandler                          0x0800ba37   Thumb Code     0  startup_stm32f756xx.o(.text)
    SPI3_IRQHandler                          0x0800ba37   Thumb Code     0  startup_stm32f756xx.o(.text)
    SPI4_IRQHandler                          0x0800ba37   Thumb Code     0  startup_stm32f756xx.o(.text)
    SPI5_IRQHandler                          0x0800ba37   Thumb Code     0  startup_stm32f756xx.o(.text)
    SPI6_IRQHandler                          0x0800ba37   Thumb Code     0  startup_stm32f756xx.o(.text)
    TAMP_STAMP_IRQHandler                    0x0800ba37   Thumb Code     0  startup_stm32f756xx.o(.text)
    TIM1_BRK_TIM9_IRQHandler                 0x0800ba37   Thumb Code     0  startup_stm32f756xx.o(.text)
    TIM1_CC_IRQHandler                       0x0800ba37   Thumb Code     0  startup_stm32f756xx.o(.text)
    TIM1_TRG_COM_TIM11_IRQHandler            0x0800ba37   Thumb Code     0  startup_stm32f756xx.o(.text)
    TIM1_UP_TIM10_IRQHandler                 0x0800ba37   Thumb Code     0  startup_stm32f756xx.o(.text)
    TIM5_IRQHandler                          0x0800ba37   Thumb Code     0  startup_stm32f756xx.o(.text)
    TIM6_DAC_IRQHandler                      0x0800ba37   Thumb Code     0  startup_stm32f756xx.o(.text)
    TIM7_IRQHandler                          0x0800ba37   Thumb Code     0  startup_stm32f756xx.o(.text)
    TIM8_BRK_TIM12_IRQHandler                0x0800ba37   Thumb Code     0  startup_stm32f756xx.o(.text)
    TIM8_CC_IRQHandler                       0x0800ba37   Thumb Code     0  startup_stm32f756xx.o(.text)
    TIM8_TRG_COM_TIM14_IRQHandler            0x0800ba37   Thumb Code     0  startup_stm32f756xx.o(.text)
    TIM8_UP_TIM13_IRQHandler                 0x0800ba37   Thumb Code     0  startup_stm32f756xx.o(.text)
    UART4_IRQHandler                         0x0800ba37   Thumb Code     0  startup_stm32f756xx.o(.text)
    UART5_IRQHandler                         0x0800ba37   Thumb Code     0  startup_stm32f756xx.o(.text)
    UART7_IRQHandler                         0x0800ba37   Thumb Code     0  startup_stm32f756xx.o(.text)
    UART8_IRQHandler                         0x0800ba37   Thumb Code     0  startup_stm32f756xx.o(.text)
    USART1_IRQHandler                        0x0800ba37   Thumb Code     0  startup_stm32f756xx.o(.text)
    USART2_IRQHandler                        0x0800ba37   Thumb Code     0  startup_stm32f756xx.o(.text)
    USART3_IRQHandler                        0x0800ba37   Thumb Code     0  startup_stm32f756xx.o(.text)
    USART6_IRQHandler                        0x0800ba37   Thumb Code     0  startup_stm32f756xx.o(.text)
    WWDG_IRQHandler                          0x0800ba37   Thumb Code     0  startup_stm32f756xx.o(.text)
    xEventGroupCreate                        0x0800ba41   Thumb Code    26  event_groups.o(.text)
    xEventGroupSetBits                       0x0800ba5b   Thumb Code   182  event_groups.o(.text)
    xEventGroupSync                          0x0800bb11   Thumb Code   222  event_groups.o(.text)
    xEventGroupWaitBits                      0x0800bc0d   Thumb Code   286  event_groups.o(.text)
    xEventGroupClearBits                     0x0800bd2b   Thumb Code    68  event_groups.o(.text)
    vEventGroupClearBitsCallback             0x0800bd6f   Thumb Code    16  event_groups.o(.text)
    xEventGroupClearBitsFromISR              0x0800bd7f   Thumb Code    26  event_groups.o(.text)
    xEventGroupGetBitsFromISR                0x0800bd99   Thumb Code    48  event_groups.o(.text)
    vEventGroupDelete                        0x0800bdc9   Thumb Code    70  event_groups.o(.text)
    vEventGroupSetBitsCallback               0x0800be0f   Thumb Code    16  event_groups.o(.text)
    xEventGroupSetBitsFromISR                0x0800be1f   Thumb Code    32  event_groups.o(.text)
    uxEventGroupGetNumber                    0x0800be3f   Thumb Code    46  event_groups.o(.text)
    vListInitialise                          0x0800be6d   Thumb Code    26  list.o(.text)
    vListInitialiseItem                      0x0800be87   Thumb Code     6  list.o(.text)
    vListInsertEnd                           0x0800be8d   Thumb Code    24  list.o(.text)
    vListInsert                              0x0800bea5   Thumb Code    52  list.o(.text)
    uxListRemove                             0x0800bed9   Thumb Code    40  list.o(.text)
    xQueueGenericReset                       0x0800bf01   Thumb Code   134  queue.o(.text)
    xQueueGenericCreate                      0x0800bfb5   Thumb Code    76  queue.o(.text)
    xQueueGenericSend                        0x0800c1a5   Thumb Code   440  queue.o(.text)
    xQueueCreateMutex                        0x0800c379   Thumb Code    34  queue.o(.text)
    xQueueGiveMutexRecursive                 0x0800c39b   Thumb Code    62  queue.o(.text)
    xQueueGenericReceive                     0x0800c41d   Thumb Code   416  queue.o(.text)
    xQueueTakeMutexRecursive                 0x0800c5bd   Thumb Code    72  queue.o(.text)
    xQueueCreateCountingSemaphore            0x0800c605   Thumb Code    72  queue.o(.text)
    xQueueGenericSendFromISR                 0x0800c64d   Thumb Code   242  queue.o(.text)
    xQueueGiveFromISR                        0x0800c73f   Thumb Code   220  queue.o(.text)
    xQueueReceiveFromISR                     0x0800c81b   Thumb Code   186  queue.o(.text)
    xQueuePeekFromISR                        0x0800c8d5   Thumb Code   150  queue.o(.text)
    uxQueueMessagesWaiting                   0x0800c96b   Thumb Code    32  queue.o(.text)
    uxQueueSpacesAvailable                   0x0800c98b   Thumb Code    38  queue.o(.text)
    uxQueueMessagesWaitingFromISR            0x0800c9b1   Thumb Code    24  queue.o(.text)
    vQueueUnregisterQueue                    0x0800c9c9   Thumb Code    44  queue.o(.text)
    vQueueDelete                             0x0800c9f5   Thumb Code    34  queue.o(.text)
    uxQueueGetQueueNumber                    0x0800ca17   Thumb Code     6  queue.o(.text)
    vQueueSetQueueNumber                     0x0800ca1d   Thumb Code     4  queue.o(.text)
    ucQueueGetQueueType                      0x0800ca21   Thumb Code     8  queue.o(.text)
    xQueueIsQueueEmptyFromISR                0x0800ca29   Thumb Code    32  queue.o(.text)
    xQueueIsQueueFullFromISR                 0x0800ca49   Thumb Code    36  queue.o(.text)
    vQueueAddToRegistry                      0x0800ca6d   Thumb Code    38  queue.o(.text)
    pcQueueGetName                           0x0800ca93   Thumb Code    38  queue.o(.text)
    vQueueWaitForMessageRestricted           0x0800cab9   Thumb Code    74  queue.o(.text)
    xQueueCreateSet                          0x0800cb03   Thumb Code    20  queue.o(.text)
    xQueueAddToSet                           0x0800cb17   Thumb Code    38  queue.o(.text)
    xQueueRemoveFromSet                      0x0800cb3d   Thumb Code    48  queue.o(.text)
    xQueueSelectFromSet                      0x0800cb6d   Thumb Code    26  queue.o(.text)
    xQueueSelectFromSetFromISR               0x0800cb87   Thumb Code    22  queue.o(.text)
    xTaskCreate                              0x0800cd2b   Thumb Code    96  tasks.o(.text)
    vTaskDelete                              0x0800cdc7   Thumb Code   190  tasks.o(.text)
    xTaskIncrementTick                       0x0800ce85   Thumb Code   390  tasks.o(.text)
    xTaskResumeAll                           0x0800d00b   Thumb Code   214  tasks.o(.text)
    vTaskSuspendAll                          0x0800d15d   Thumb Code    12  tasks.o(.text)
    vTaskDelayUntil                          0x0800d169   Thumb Code   170  tasks.o(.text)
    vTaskDelay                               0x0800d213   Thumb Code    72  tasks.o(.text)
    eTaskGetState                            0x0800d25b   Thumb Code   102  tasks.o(.text)
    uxTaskPriorityGet                        0x0800d2c1   Thumb Code    30  tasks.o(.text)
    uxTaskPriorityGetFromISR                 0x0800d2df   Thumb Code    66  tasks.o(.text)
    vTaskPrioritySet                         0x0800d321   Thumb Code   314  tasks.o(.text)
    vTaskSwitchContext                       0x0800d45b   Thumb Code   164  tasks.o(.text)
    vTaskSuspend                             0x0800d4ff   Thumb Code   186  tasks.o(.text)
    vTaskResume                              0x0800d601   Thumb Code   118  tasks.o(.text)
    xTaskResumeFromISR                       0x0800d677   Thumb Code   152  tasks.o(.text)
    vTaskStartScheduler                      0x0800d785   Thumb Code   112  tasks.o(.text)
    vTaskEndScheduler                        0x0800d7f5   Thumb Code   108  tasks.o(.text)
    xTaskGetTickCount                        0x0800d861   Thumb Code     6  tasks.o(.text)
    xTaskGetTickCountFromISR                 0x0800d867   Thumb Code    16  tasks.o(.text)
    uxTaskGetNumberOfTasks                   0x0800d877   Thumb Code     6  tasks.o(.text)
    pcTaskGetName                            0x0800d87d   Thumb Code    36  tasks.o(.text)
    vTaskGetInfo                             0x0800d8b7   Thumb Code   114  tasks.o(.text)
    uxTaskGetSystemState                     0x0800d993   Thumb Code   152  tasks.o(.text)
    vTaskPlaceOnEventList                    0x0800da2b   Thumb Code    42  tasks.o(.text)
    vTaskPlaceOnUnorderedEventList           0x0800da55   Thumb Code    80  tasks.o(.text)
    vTaskPlaceOnEventListRestricted          0x0800daa5   Thumb Code    50  tasks.o(.text)
    xTaskRemoveFromEventList                 0x0800dad7   Thumb Code   118  tasks.o(.text)
    xTaskRemoveFromUnorderedEventList        0x0800db4d   Thumb Code   134  tasks.o(.text)
    vTaskSetTimeOutState                     0x0800dbd3   Thumb Code    32  tasks.o(.text)
    xTaskCheckForTimeOut                     0x0800dbf3   Thumb Code   170  tasks.o(.text)
    vTaskMissedYield                         0x0800dc9d   Thumb Code     8  tasks.o(.text)
    uxTaskGetTaskNumber                      0x0800dca5   Thumb Code    14  tasks.o(.text)
    vTaskSetTaskNumber                       0x0800dcb3   Thumb Code     8  tasks.o(.text)
    xTaskGetCurrentTaskHandle                0x0800dcbb   Thumb Code     6  tasks.o(.text)
    xTaskGetSchedulerState                   0x0800dcc1   Thumb Code    24  tasks.o(.text)
    vTaskPriorityInherit                     0x0800dcd9   Thumb Code   164  tasks.o(.text)
    xTaskPriorityDisinherit                  0x0800dd7d   Thumb Code   168  tasks.o(.text)
    vTaskList                                0x0800de4f   Thumb Code   204  tasks.o(.text)
    uxTaskResetEventItemValue                0x0800df1b   Thumb Code    24  tasks.o(.text)
    pvTaskIncrementMutexHeldCount            0x0800df33   Thumb Code    26  tasks.o(.text)
    ulTaskNotifyTake                         0x0800df4d   Thumb Code   108  tasks.o(.text)
    xTaskNotifyWait                          0x0800dfb9   Thumb Code   150  tasks.o(.text)
    xTaskGenericNotify                       0x0800e04f   Thumb Code   272  tasks.o(.text)
    xTaskGenericNotifyFromISR                0x0800e15f   Thumb Code   278  tasks.o(.text)
    vTaskNotifyGiveFromISR                   0x0800e275   Thumb Code   196  tasks.o(.text)
    xTaskNotifyStateClear                    0x0800e339   Thumb Code    48  tasks.o(.text)
    xTimerGenericCommand                     0x0800e3d9   Thumb Code   116  timers.o(.text)
    xTimerCreateTimerTask                    0x0800e735   Thumb Code    54  timers.o(.text)
    xTimerCreate                             0x0800e7f9   Thumb Code    48  timers.o(.text)
    xTimerGetTimerDaemonTaskHandle           0x0800e829   Thumb Code    34  timers.o(.text)
    xTimerGetPeriod                          0x0800e84b   Thumb Code    24  timers.o(.text)
    xTimerGetExpiryTime                      0x0800e863   Thumb Code    26  timers.o(.text)
    pcTimerGetName                           0x0800e87d   Thumb Code    24  timers.o(.text)
    xTimerIsTimerActive                      0x0800e895   Thumb Code    46  timers.o(.text)
    pvTimerGetTimerID                        0x0800e8c3   Thumb Code    34  timers.o(.text)
    vTimerSetTimerID                         0x0800e8e5   Thumb Code    34  timers.o(.text)
    xTimerPendFunctionCallFromISR            0x0800e907   Thumb Code    48  timers.o(.text)
    xTimerPendFunctionCall                   0x0800e937   Thumb Code    66  timers.o(.text)
    pvPortMalloc                             0x0800ea43   Thumb Code   266  heap_4.o(.text)
    vPortFree                                0x0800eb4d   Thumb Code   116  heap_4.o(.text)
    xPortGetFreeHeapSize                     0x0800ebc1   Thumb Code     6  heap_4.o(.text)
    xPortGetMinimumEverFreeHeapSize          0x0800ebc7   Thumb Code     6  heap_4.o(.text)
    vPortInitialiseBlocks                    0x0800ebcd   Thumb Code     2  heap_4.o(.text)
    pxPortInitialiseStack                    0x0800ec45   Thumb Code    38  port.o(.text)
    vPortSetupTimerInterrupt                 0x0800ec6b   Thumb Code    26  port.o(.text)
    xPortStartScheduler                      0x0800ec85   Thumb Code   190  port.o(.text)
    vPortEndScheduler                        0x0800ed43   Thumb Code    32  port.o(.text)
    vPortEnterCritical                       0x0800ed63   Thumb Code    72  port.o(.text)
    vPortExitCritical                        0x0800edab   Thumb Code    46  port.o(.text)
    SysTick_Handler                          0x0800edd9   Thumb Code    52  port.o(.text)
    vPortValidateInterruptPriority           0x0800ee0d   Thumb Code    84  port.o(.text)
    vStartBlockingQueueTasks                 0x0800ef2d   Thumb Code   312  blockq.o(.text)
    xAreBlockingQueuesStillRunning           0x0800f065   Thumb Code    74  blockq.o(.text)
    vCreateBlockTimeTasks                    0x0800f48b   Thumb Code    74  blocktim.o(.text)
    xAreBlockTimeTestTasksStillRunning       0x0800f4d5   Thumb Code   136  blocktim.o(.text)
    vStartCountingSemaphoreTasks             0x0800f69d   Thumb Code   114  countsem.o(.text)
    xAreCountingSemaphoreTasksStillRunning   0x0800f70f   Thumb Code    60  countsem.o(.text)
    vCreateSuicidalTasks                     0x0800f83b   Thumb Code    48  death.o(.text)
    xIsCreateTaskStillRunning                0x0800f86b   Thumb Code    72  death.o(.text)
    vStartDynamicPriorityTasks               0x0800faeb   Thumb Code   130  dynamic.o(.text)
    xAreDynamicPriorityTasksStillRunning     0x0800fb6d   Thumb Code    68  dynamic.o(.text)
    vStartEventGroupTasks                    0x080102d3   Thumb Code   122  eventgroupsdemo.o(.text)
    vPeriodicEventGroupsProcessing           0x0801034d   Thumb Code   168  eventgroupsdemo.o(.text)
    xAreEventGroupTasksStillRunning          0x080103f5   Thumb Code    70  eventgroupsdemo.o(.text)
    vStartMathTasks                          0x08010831   Thumb Code   216  flop.o(.text)
    xAreMathsTaskStillRunning                0x08010909   Thumb Code    36  flop.o(.text)
    vStartGenericQueueTasks                  0x08010e93   Thumb Code   124  genqtest.o(.text)
    xAreGenericQueueTasksStillRunning        0x08010f0f   Thumb Code    66  genqtest.o(.text)
    vStartInterruptQueueTasks                0x0801138d   Thumb Code   262  intqueue.o(.text)
    xFirstTimerHandler                       0x08011493   Thumb Code   366  intqueue.o(.text)
    xSecondTimerHandler                      0x08011601   Thumb Code   672  intqueue.o(.text)
    xAreIntQueueTasksStillRunning            0x080118a1   Thumb Code   120  intqueue.o(.text)
    vStartInterruptSemaphoreTasks            0x08011cbb   Thumb Code   238  intsemtest.o(.text)
    vInterruptSemaphorePeriodicTest          0x08011da9   Thumb Code   110  intsemtest.o(.text)
    xAreInterruptSemaphoreTasksStillRunning  0x08011e17   Thumb Code    72  intsemtest.o(.text)
    vStartQueueOverwriteTask                 0x08011f35   Thumb Code    40  queueoverwrite.o(.text)
    xIsQueueOverwriteTaskStillRunning        0x08011f5d   Thumb Code    32  queueoverwrite.o(.text)
    vQueueOverwritePeriodicISRDemo           0x08011f7d   Thumb Code   148  queueoverwrite.o(.text)
    vStartQueueSetTasks                      0x080123a5   Thumb Code    60  queueset.o(.text)
    xAreQueueSetTasksStillRunning            0x080123e1   Thumb Code   228  queueset.o(.text)
    vQueueSetAccessQueueSetFromISR           0x08012537   Thumb Code    42  queueset.o(.text)
    vStartRecursiveMutexTasks                0x0801278d   Thumb Code    90  recmutex.o(.text)
    xAreRecursiveMutexTasksStillRunning      0x080127e7   Thumb Code   100  recmutex.o(.text)
    vStartSemaphoreTasks                     0x0801298f   Thumb Code   220  semtest.o(.text)
    xAreSemaphoreTasksStillRunning           0x08012a6b   Thumb Code    44  semtest.o(.text)
    vStartTaskNotifyTask                     0x0801318d   Thumb Code    30  tasknotify.o(.text)
    xNotifyTaskFromISR                       0x080131ab   Thumb Code   176  tasknotify.o(.text)
    xAreTaskNotificationTasksStillRunning    0x0801325b   Thumb Code    68  tasknotify.o(.text)
    vStartTimerDemoTask                      0x08013ac5   Thumb Code    56  timerdemo.o(.text)
    xAreTimerDemoTasksStillRunning           0x08013afd   Thumb Code   246  timerdemo.o(.text)
    vTimerPeriodicISRTests                   0x08013bf3   Thumb Code  1426  timerdemo.o(.text)
    __aeabi_memcpy                           0x0801419d   Thumb Code    36  memcpya.o(.text)
    __aeabi_memcpy4                          0x0801419d   Thumb Code     0  memcpya.o(.text)
    __aeabi_memcpy8                          0x0801419d   Thumb Code     0  memcpya.o(.text)
    __aeabi_memset                           0x080141c1   Thumb Code    14  memseta.o(.text)
    __aeabi_memset4                          0x080141c1   Thumb Code     0  memseta.o(.text)
    __aeabi_memset8                          0x080141c1   Thumb Code     0  memseta.o(.text)
    __aeabi_memclr                           0x080141cf   Thumb Code     4  memseta.o(.text)
    __aeabi_memclr4                          0x080141cf   Thumb Code     0  memseta.o(.text)
    __aeabi_memclr8                          0x080141cf   Thumb Code     0  memseta.o(.text)
    _memset$wrapper                          0x080141d3   Thumb Code    18  memseta.o(.text)
    strlen                                   0x080141e5   Thumb Code    14  strlen.o(.text)
    strcmp                                   0x080141f3   Thumb Code    28  strcmp.o(.text)
    strcpy                                   0x0801420f   Thumb Code    18  strcpy.o(.text)
    __aeabi_dadd                             0x08014221   Thumb Code   322  dadd.o(.text)
    __aeabi_dsub                             0x08014363   Thumb Code     6  dadd.o(.text)
    __aeabi_drsub                            0x08014369   Thumb Code     6  dadd.o(.text)
    __aeabi_dmul                             0x0801436f   Thumb Code   228  dmul.o(.text)
    __aeabi_ddiv                             0x08014453   Thumb Code   222  ddiv.o(.text)
    __aeabi_ui2d                             0x08014531   Thumb Code    26  dfltui.o(.text)
    __aeabi_cdrcmple                         0x0801454d   Thumb Code    48  cdrcmple.o(.text)
    __aeabi_uidiv                            0x0801457d   Thumb Code     0  uidiv.o(.text)
    __aeabi_uidivmod                         0x0801457d   Thumb Code    44  uidiv.o(.text)
    __aeabi_llsl                             0x080145a9   Thumb Code    30  llshl.o(.text)
    _ll_shift_l                              0x080145a9   Thumb Code     0  llshl.o(.text)
    __aeabi_lasr                             0x080145c7   Thumb Code    36  llsshr.o(.text)
    _ll_sshift_r                             0x080145c7   Thumb Code     0  llsshr.o(.text)
    __I$use$fp                               0x080145eb   Thumb Code     0  iusefp.o(.text)
    _double_round                            0x080145eb   Thumb Code    30  depilogue.o(.text)
    _double_epilogue                         0x08014609   Thumb Code   156  depilogue.o(.text)
    __scatterload                            0x080146a5   Thumb Code    28  init.o(.text)
    __scatterload_rt2                        0x080146a5   Thumb Code     0  init.o(.text)
    __aeabi_llsr                             0x080146c9   Thumb Code    32  llushr.o(.text)
    _ll_ushift_r                             0x080146c9   Thumb Code     0  llushr.o(.text)
    __decompress                             0x080146e9   Thumb Code     0  __dczerorl.o(.text)
    __decompress0                            0x080146e9   Thumb Code    58  __dczerorl.o(.text)
    __0sprintf$3                             0x08014725   Thumb Code    34  printf3.o(i.__0sprintf$3)
    __1sprintf$3                             0x08014725   Thumb Code     0  printf3.o(i.__0sprintf$3)
    __2sprintf                               0x08014725   Thumb Code     0  printf3.o(i.__0sprintf$3)
    __hardfp_fabs                            0x0801474d   Thumb Code    20  fabs.o(i.__hardfp_fabs)
    __scatterload_copy                       0x08014761   Thumb Code    14  handlers.o(i.__scatterload_copy)
    __scatterload_null                       0x0801476f   Thumb Code     2  handlers.o(i.__scatterload_null)
    __scatterload_zeroinit                   0x08014771   Thumb Code    14  handlers.o(i.__scatterload_zeroinit)
    APBAHBPrescTable                         0x08014942   Data          16  stm32f7xx_hal_rcc.o(.constdata)
    Region$$Table$$Base                      0x08014954   Number         0  anon$$obj.o(Region$$Table)
    Region$$Table$$Limit                     0x08014974   Number         0  anon$$obj.o(Region$$Table)
    ulRegTest1LoopCounter                    0x20010000   Data           4  main_full.o(.data)
    ulRegTest2LoopCounter                    0x20010004   Data           4  main_full.o(.data)
    ulHighFrequencyTimerCounts               0x20010010   Data           4  intqueuetimer.o(.data)
    SystemCoreClock                          0x20010018   Data           4  system_stm32f7xx.o(.data)
    AHBPrescTable                            0x2001001c   Data          16  system_stm32f7xx.o(.data)
    pxCurrentTCB                             0x2001002c   Data           4  tasks.o(.data)
    xCreatedTask                             0x200100ec   Data           4  death.o(.data)
    xSuspendedTestQueue                      0x20010110   Data           4  dynamic.o(.data)
    xHighPriorityNormallyEmptyTask1          0x200101a8   Data           4  intqueue.o(.data)
    xHighPriorityNormallyEmptyTask2          0x200101ac   Data           4  intqueue.o(.data)
    xHighPriorityNormallyFullTask1           0x200101b0   Data           4  intqueue.o(.data)
    xHighPriorityNormallyFullTask2           0x200101b4   Data           4  intqueue.o(.data)
    xQueueSetSendingTask                     0x20010228   Data           4  queueset.o(.data)
    xQueueSetReceivingTask                   0x2001022c   Data           4  queueset.o(.data)
    xQueueRegistry                           0x200102fc   Data          64  queue.o(.bss)
    __initial_sp                             0x2001c210   Data           0  startup_stm32f756xx.o(STACK)



==============================================================================

Memory Map of the image

  Image Entry point : 0x080001c9

  Load Region LR_IROM1 (Base: 0x08000000, Size: 0x00014c70, Max: 0x00100000, ABSOLUTE, COMPRESSED[0x000149a8])

    Execution Region ER_IROM1 (Exec base: 0x08000000, Load base: 0x08000000, Size: 0x00014974, Max: 0x00100000, ABSOLUTE)

    Exec Addr    Load Addr    Size         Type   Attr      Idx    E Section Name        Object

    0x08000000   0x08000000   0x000001c8   Data   RO          659    RESET               startup_stm32f756xx.o
    0x080001c8   0x080001c8   0x00000000   Code   RO         1455  * .ARM.Collect$$$$00000000  mc_w.l(entry.o)
    0x080001c8   0x080001c8   0x00000004   Code   RO         1741    .ARM.Collect$$$$00000001  mc_w.l(entry2.o)
    0x080001cc   0x080001cc   0x00000004   Code   RO         1744    .ARM.Collect$$$$00000004  mc_w.l(entry5.o)
    0x080001d0   0x080001d0   0x00000000   Code   RO         1746    .ARM.Collect$$$$00000008  mc_w.l(entry7b.o)
    0x080001d0   0x080001d0   0x00000000   Code   RO         1748    .ARM.Collect$$$$0000000A  mc_w.l(entry8b.o)
    0x080001d0   0x080001d0   0x00000008   Code   RO         1749    .ARM.Collect$$$$0000000B  mc_w.l(entry9a.o)
    0x080001d8   0x080001d8   0x00000000   Code   RO         1751    .ARM.Collect$$$$0000000D  mc_w.l(entry10a.o)
    0x080001d8   0x080001d8   0x00000000   Code   RO         1753    .ARM.Collect$$$$0000000F  mc_w.l(entry11a.o)
    0x080001d8   0x080001d8   0x00000004   Code   RO         1742    .ARM.Collect$$$$00002712  mc_w.l(entry2.o)
    0x080001dc   0x080001dc   0x00000338   Code   RO          404    .emb_text           regtest_keil.o
    0x08000514   0x08000514   0x000000ba   Code   RO          870    .emb_text           port.o
    0x080005ce   0x080005ce   0x00000002   PAD
    0x080005d0   0x080005d0   0x00000160   Code   RO          258    .text               main.o
    0x08000730   0x08000730   0x00000208   Code   RO          300    .text               main_full.o
    0x08000938   0x08000938   0x000001c4   Code   RO          373    .text               intqueuetimer.o
    0x08000afc   0x08000afc   0x0000019c   Code   RO          414    .text               stm32f7xx_hal.o
    0x08000c98   0x08000c98   0x0000031c   Code   RO          440    .text               stm32f7xx_hal_cortex.o
    0x08000fb4   0x08000fb4   0x000003d8   Code   RO          468    .text               stm32f7xx_hal_gpio.o
    0x0800138c   0x0800138c   0x00000ba8   Code   RO          492    .text               stm32f7xx_hal_rcc.o
    0x08001f34   0x08001f34   0x000028b4   Code   RO          519    .text               stm32f7xx_hal_tim.o
    0x080047e8   0x080047e8   0x00005ef4   Code   RO          543    .text               stm32f7xx_hal_dma.o
    0x0800a6dc   0x0800a6dc   0x00001200   Code   RO          567    .text               stm32f7xx_hal_tim_ex.o
    0x0800b8dc   0x0800b8dc   0x00000120   Code   RO          591    .text               system_stm32f7xx.o
    0x0800b9fc   0x0800b9fc   0x0000001a   Code   RO          618    .text               stm32f7xx_it.o
    0x0800ba16   0x0800ba16   0x00000004   Code   RO          636    .text               stm32f7xx_hal_msp.o
    0x0800ba1a   0x0800ba1a   0x00000002   PAD
    0x0800ba1c   0x0800ba1c   0x00000024   Code   RO          660    .text               startup_stm32f756xx.o
    0x0800ba40   0x0800ba40   0x0000042c   Code   RO          667    .text               event_groups.o
    0x0800be6c   0x0800be6c   0x00000094   Code   RO          719    .text               list.o
    0x0800bf00   0x0800bf00   0x00000ca0   Code   RO          743    .text               queue.o
    0x0800cba0   0x0800cba0   0x000017e8   Code   RO          773    .text               tasks.o
    0x0800e388   0x0800e388   0x000005f8   Code   RO          816    .text               timers.o
    0x0800e980   0x0800e980   0x00000290   Code   RO          843    .text               heap_4.o
    0x0800ec10   0x0800ec10   0x000002a0   Code   RO          871    .text               port.o
    0x0800eeb0   0x0800eeb0   0x00000248   Code   RO          912    .text               blockq.o
    0x0800f0f8   0x0800f0f8   0x00000468   Code   RO          938    .text               blocktim.o
    0x0800f560   0x0800f560   0x00000250   Code   RO          964    .text               countsem.o
    0x0800f7b0   0x0800f7b0   0x00000138   Code   RO          991    .text               death.o
    0x0800f8e8   0x0800f8e8   0x00000364   Code   RO         1018    .text               dynamic.o
    0x0800fc4c   0x0800fc4c   0x00000844   Code   RO         1045    .text               eventgroupsdemo.o
    0x08010490   0x08010490   0x000004a0   Code   RO         1074    .text               flop.o
    0x08010930   0x08010930   0x0000068c   Code   RO         1104    .text               genqtest.o
    0x08010fbc   0x08010fbc   0x00000984   Code   RO         1159    .text               intqueue.o
    0x08011940   0x08011940   0x00000548   Code   RO         1203    .text               intsemtest.o
    0x08011e88   0x08011e88   0x000001c8   Code   RO         1290    .text               queueoverwrite.o
    0x08012050   0x08012050   0x0000052c   Code   RO         1316    .text               queueset.o
    0x0801257c   0x0801257c   0x00000354   Code   RO         1347    .text               recmutex.o
    0x080128d0   0x080128d0   0x0000021c   Code   RO         1373    .text               semtest.o
    0x08012aec   0x08012aec   0x00000804   Code   RO         1399    .text               tasknotify.o
    0x080132f0   0x080132f0   0x00000eac   Code   RO         1425    .text               timerdemo.o
    0x0801419c   0x0801419c   0x00000024   Code   RO         1458    .text               mc_w.l(memcpya.o)
    0x080141c0   0x080141c0   0x00000024   Code   RO         1460    .text               mc_w.l(memseta.o)
    0x080141e4   0x080141e4   0x0000000e   Code   RO         1462    .text               mc_w.l(strlen.o)
    0x080141f2   0x080141f2   0x0000001c   Code   RO         1464    .text               mc_w.l(strcmp.o)
    0x0801420e   0x0801420e   0x00000012   Code   RO         1466    .text               mc_w.l(strcpy.o)
    0x08014220   0x08014220   0x0000014e   Code   RO         1731    .text               mf_w.l(dadd.o)
    0x0801436e   0x0801436e   0x000000e4   Code   RO         1733    .text               mf_w.l(dmul.o)
    0x08014452   0x08014452   0x000000de   Code   RO         1735    .text               mf_w.l(ddiv.o)
    0x08014530   0x08014530   0x0000001a   Code   RO         1737    .text               mf_w.l(dfltui.o)
    0x0801454a   0x0801454a   0x00000002   PAD
    0x0801454c   0x0801454c   0x00000030   Code   RO         1739    .text               mf_w.l(cdrcmple.o)
    0x0801457c   0x0801457c   0x0000002c   Code   RO         1758    .text               mc_w.l(uidiv.o)
    0x080145a8   0x080145a8   0x0000001e   Code   RO         1762    .text               mc_w.l(llshl.o)
    0x080145c6   0x080145c6   0x00000024   Code   RO         1764    .text               mc_w.l(llsshr.o)
    0x080145ea   0x080145ea   0x00000000   Code   RO         1766    .text               mc_w.l(iusefp.o)
    0x080145ea   0x080145ea   0x000000ba   Code   RO         1767    .text               mf_w.l(depilogue.o)
    0x080146a4   0x080146a4   0x00000024   Code   RO         1771    .text               mc_w.l(init.o)
    0x080146c8   0x080146c8   0x00000020   Code   RO         1774    .text               mc_w.l(llushr.o)
    0x080146e8   0x080146e8   0x0000003a   Code   RO         1785    .text               mc_w.l(__dczerorl.o)
    0x08014722   0x08014722   0x00000002   PAD
    0x08014724   0x08014724   0x00000028   Code   RO         1561    i.__0sprintf$3      mc_w.l(printf3.o)
    0x0801474c   0x0801474c   0x00000014   Code   RO         1449    i.__hardfp_fabs     m_wm.l(fabs.o)
    0x08014760   0x08014760   0x0000000e   Code   RO         1779    i.__scatterload_copy  mc_w.l(handlers.o)
    0x0801476e   0x0801476e   0x00000002   Code   RO         1780    i.__scatterload_null  mc_w.l(handlers.o)
    0x08014770   0x08014770   0x0000000e   Code   RO         1781    i.__scatterload_zeroinit  mc_w.l(handlers.o)
    0x0801477e   0x0801477e   0x00000002   PAD
    0x08014780   0x08014780   0x000001b8   Code   RO         1566    i._printf_core      mc_w.l(printf3.o)
    0x08014938   0x08014938   0x0000000a   Code   RO         1568    i._sputc            mc_w.l(printf3.o)
    0x08014942   0x08014942   0x00000010   Data   RO          493    .constdata          stm32f7xx_hal_rcc.o
    0x08014952   0x08014952   0x00000002   PAD
    0x08014954   0x08014954   0x00000020   Data   RO         1777    Region$$Table       anon$$obj.o


    Execution Region RW_IRAM1 (Exec base: 0x20010000, Load base: 0x08014974, Size: 0x0000c210, Max: 0x00040000, ABSOLUTE, COMPRESSED[0x00000034])

    Exec Addr    Load Addr    Size         Type   Attr      Idx    E Section Name        Object

    0x20010000   COMPRESSED   0x00000010   Data   RW          301    .data               main_full.o
    0x20010010   COMPRESSED   0x00000004   Data   RW          374    .data               intqueuetimer.o
    0x20010014   COMPRESSED   0x00000004   Data   RW          415    .data               stm32f7xx_hal.o
    0x20010018   COMPRESSED   0x00000014   Data   RW          592    .data               system_stm32f7xx.o
    0x2001002c   COMPRESSED   0x0000003c   Data   RW          775    .data               tasks.o
    0x20010068   COMPRESSED   0x00000014   Data   RW          818    .data               timers.o
    0x2001007c   COMPRESSED   0x00000018   Data   RW          845    .data               heap_4.o
    0x20010094   COMPRESSED   0x0000000c   Data   RW          872    .data               port.o
    0x200100a0   COMPRESSED   0x00000018   Data   RW          913    .data               blockq.o
    0x200100b8   COMPRESSED   0x00000020   Data   RW          939    .data               blocktim.o
    0x200100d8   COMPRESSED   0x0000000c   Data   RW          966    .data               countsem.o
    0x200100e4   COMPRESSED   0x00000014   Data   RW          992    .data               death.o
    0x200100f8   COMPRESSED   0x0000002c   Data   RW         1019    .data               dynamic.o
    0x20010124   COMPRESSED   0x00000030   Data   RW         1046    .data               eventgroupsdemo.o
    0x20010154   COMPRESSED   0x00000008   Data   RW         1075    .data               flop.o
    0x2001015c   COMPRESSED   0x00000020   Data   RW         1105    .data               genqtest.o
    0x2001017c   COMPRESSED   0x00000054   Data   RW         1161    .data               intqueue.o
    0x200101d0   COMPRESSED   0x00000030   Data   RW         1205    .data               intsemtest.o
    0x20010200   COMPRESSED   0x00000010   Data   RW         1291    .data               queueoverwrite.o
    0x20010210   COMPRESSED   0x00000040   Data   RW         1318    .data               queueset.o
    0x20010250   COMPRESSED   0x00000030   Data   RW         1348    .data               recmutex.o
    0x20010280   COMPRESSED   0x00000012   Data   RW         1374    .data               semtest.o
    0x20010292   COMPRESSED   0x00000002   PAD
    0x20010294   COMPRESSED   0x00000028   Data   RW         1400    .data               tasknotify.o
    0x200102bc   COMPRESSED   0x00000040   Data   RW         1427    .data               timerdemo.o
    0x200102fc        -       0x00000040   Zero   RW          744    .bss                queue.o
    0x2001033c        -       0x000000c8   Zero   RW          774    .bss                tasks.o
    0x20010404        -       0x00000028   Zero   RW          817    .bss                timers.o
    0x2001042c        -       0x0000b800   Zero   RW          844    .bss                heap_4.o
    0x2001bc2c        -       0x00000018   Zero   RW          965    .bss                countsem.o
    0x2001bc44        -       0x00000190   Zero   RW         1160    .bss                intqueue.o
    0x2001bdd4        -       0x00000024   Zero   RW         1317    .bss                queueset.o
    0x2001bdf8        -       0x00000018   Zero   RW         1426    .bss                timerdemo.o
    0x2001be10        -       0x00000400   Zero   RW          657    STACK               startup_stm32f756xx.o


==============================================================================

Image component sizes


      Code (inc. data)   RO Data    RW Data    ZI Data      Debug   Object Name

       584         74          0         24          0       2958   blockq.o
      1128         80          0         32          0       3555   blocktim.o
       592        102          0         12         24       2738   countsem.o
       312         54          0         20          0       2200   death.o
       868        156          0         44          0       3396   dynamic.o
      1068         32          0          0          0      16656   event_groups.o
      2116        136          0         48          0       6067   eventgroupsdemo.o
      1184        136          0          8          0       3224   flop.o
      1676        164          0         32          0       4240   genqtest.o
       656         66          0         24      47104       3448   heap_4.o
      2436        244          0         84        400       9993   intqueue.o
       452         32          0          4          0      33638   intqueuetimer.o
      1352        146          0         48          0       3643   intsemtest.o
       148          0          0          0          0       1986   list.o
       352         20          0          0          0       2582   main.o
         0          0          0          0          0     383072   main_blinky.o
       520         64          0         16          0       4202   main_full.o
       858         96          0         12          0       8255   port.o
      3232         38          0          0         64      16594   queue.o
       456         64          0         16          0       2364   queueoverwrite.o
      1324        156          0         64         36       5345   queueset.o
       852        134          0         48          0       2840   recmutex.o
       824         12          0          0          0        768   regtest_keil.o
       540         86          0         18          0       2730   semtest.o
        36          8        456          0       1024        848   startup_stm32f756xx.o
       412         22          0          4          0       4447   stm32f7xx_hal.o
       796         20          0          0          0      36495   stm32f7xx_hal_cortex.o
     24308        262          0          0          0      17236   stm32f7xx_hal_dma.o
       984         52          0          0          0       3671   stm32f7xx_hal_gpio.o
         4          0          0          0          0        572   stm32f7xx_hal_msp.o
      2984         60         16          0          0       5654   stm32f7xx_hal_rcc.o
     10420        188          0          0          0      32806   stm32f7xx_hal_tim.o
      4608         56          0          0          0      15062   stm32f7xx_hal_tim_ex.o
        26          0          0          0          0       1370   stm32f7xx_it.o
       288         32          0         20          0       1571   system_stm32f7xx.o
      2052        142          0         40          0       3976   tasknotify.o
      6120        388          0         60        200      32428   tasks.o
      3756        258          0         64         24       6576   timerdemo.o
      1528         94          0         20         40       8920   timers.o

    ----------------------------------------------------------------------
     81856       3674        506        764      48916     698126   Object Totals
         0          0         32          0          0          0   (incl. Generated)
         4          0          2          2          0          0   (incl. Padding)

    ----------------------------------------------------------------------

      Code (inc. data)   RO Data    RW Data    ZI Data      Debug   Library Member Name

        20          0          0          0          0        124   fabs.o
        58          0          0          0          0          0   __dczerorl.o
         0          0          0          0          0          0   entry.o
         0          0          0          0          0          0   entry10a.o
         0          0          0          0          0          0   entry11a.o
         8          4          0          0          0          0   entry2.o
         4          0          0          0          0          0   entry5.o
         0          0          0          0          0          0   entry7b.o
         0          0          0          0          0          0   entry8b.o
         8          4          0          0          0          0   entry9a.o
        30          0          0          0          0          0   handlers.o
        36          8          0          0          0         68   init.o
         0          0          0          0          0          0   iusefp.o
        30          0          0          0          0         68   llshl.o
        36          0          0          0          0         68   llsshr.o
        32          0          0          0          0         68   llushr.o
        36          0          0          0          0         68   memcpya.o
        36          0          0          0          0        108   memseta.o
       490         10          0          0          0        252   printf3.o
        28          0          0          0          0         76   strcmp.o
        18          0          0          0          0         68   strcpy.o
        14          0          0          0          0         68   strlen.o
        44          0          0          0          0         80   uidiv.o
        48          0          0          0          0         68   cdrcmple.o
       334          0          0          0          0        148   dadd.o
       222          0          0          0          0        100   ddiv.o
       186          0          0          0          0        176   depilogue.o
        26          0          0          0          0         76   dfltui.o
       228          0          0          0          0         96   dmul.o

    ----------------------------------------------------------------------
      1978         26          0          0          0       1780   Library Totals
         6          0          0          0          0          0   (incl. Padding)

    ----------------------------------------------------------------------

      Code (inc. data)   RO Data    RW Data    ZI Data      Debug   Library Name

        20          0          0          0          0        124   m_wm.l
       908         26          0          0          0        992   mc_w.l
      1044          0          0          0          0        664   mf_w.l

    ----------------------------------------------------------------------
      1978         26          0          0          0       1780   Library Totals

    ----------------------------------------------------------------------

==============================================================================


      Code (inc. data)   RO Data    RW Data    ZI Data      Debug   

     83834       3700        506        764      48916     691258   Grand Totals
     83834       3700        506         52      48916     691258   ELF Image Totals (compressed)
     83834       3700        506         52          0          0   ROM Totals

==============================================================================

    Total RO  Size (Code + RO Data)                84340 (  82.36kB)
    Total RW  Size (RW Data + ZI Data)             49680 (  48.52kB)
    Total ROM Size (Code + RO Data + RW Data)      84392 (  82.41kB)

==============================================================================

