<html>
<body>
<pre>
<h1>µVision Build Log</h1>
<h2>Tool Versions:</h2>
IDE-Version: ¦ÌVision V5.31.0.0
Copyright (C) 2020 ARM Ltd and ARM Germany GmbH. All rights reserved.
License Information: csy csy, csy, LIC=9WSKC-7R42K-30WNC-7XP8T-40UQ4-DFNS7
 
Tool Versions:
Toolchain:       MDK-ARM Plus  Version: 5.31.0.0
Toolchain Path:  C:\Keil_v5\ARM\ARMCC\Bin
C Compiler:      Armcc.exe V5.06 update 6 (build 750)
Assembler:       Armasm.exe V5.06 update 6 (build 750)
Linker/Locator:  ArmLink.exe V5.06 update 6 (build 750)
Library Manager: ArmAr.exe V5.06 update 6 (build 750)
Hex Converter:   FromElf.exe V5.06 update 6 (build 750)
CPU DLL:         SARMCM3.DLL V5.31.0.0
Dialog DLL:      DCM.DLL V1.17.3.0
Target DLL:      UL2CM3.DLL V1.163.4.0
Dialog DLL:      TCM.DLL V1.46.0.0
 
<h2>Project:</h2>
D:\GitRepository\RTOS\FreeRTOS-MyOwn\Code\Project\YH-FreeRTOS.uvprojx
Project File Date:  03/05/2021

<h2>Output:</h2>
*** Using Compiler 'V5.06 update 6 (build 750)', folder: 'C:\Keil_v5\ARM\ARMCC\Bin'
Rebuild target 'Target 1'
assembling startup_ARMCM3.s...
compiling list.c...
..\FreeRTOS\Source\Include\FreeRTOSConfig.h(25): warning:  #1-D: last line of file ends without a newline
  #endif /* FREERTOS_CONFIG_H */
..\FreeRTOS\Source\Include\portmacro.h(45): warning:  #1-D: last line of file ends without a newline
  #endif /* PORTMACRO_H */
..\FreeRTOS\Source\list.c(112): warning:  #1-D: last line of file ends without a newline
  }
..\FreeRTOS\Source\list.c: 3 warnings, 0 errors
compiling task.c...
..\FreeRTOS\Source\Include\FreeRTOSConfig.h(25): warning:  #1-D: last line of file ends without a newline
  #endif /* FREERTOS_CONFIG_H */
..\FreeRTOS\Source\Include\portmacro.h(45): warning:  #1-D: last line of file ends without a newline
  #endif /* PORTMACRO_H */
..\FreeRTOS\Source\Include\projdefs.h(12): warning:  #1-D: last line of file ends without a newline
  #endif /* PROJDEFS_H */
..\FreeRTOS\Source\Include\task.h(63): warning:  #1-D: last line of file ends without a newline
  #endif /* TASK_H */
..\FreeRTOS\Source\Include\FreeRTOS.h(22): warning:  #1-D: last line of file ends without a newline
  #endif /* FREERTOS_H */
..\FreeRTOS\Source\Include\task.h(63): warning:  #1-D: last line of file ends without a newline
  #endif /* TASK_H */
..\FreeRTOS\Source\task.c(100): warning:  #223-D: function "pxPortInitialiseStack" declared implicitly
      pxNewTCB->pxTopOfStack = pxPortInitialiseStack( pxTopOfStack, 
..\FreeRTOS\Source\task.c(100): warning:  #513-D: a value of type "int" cannot be assigned to an entity of type "volatile StackType_t *"
      pxNewTCB->pxTopOfStack = pxPortInitialiseStack( pxTopOfStack, 
..\FreeRTOS\Source\task.c(146): warning:  #223-D: function "prvStartFirstTask" declared implicitly
      prvStartFirstTask();
..\FreeRTOS\Source\task.c(150): warning:  #1-D: last line of file ends without a newline
  }
..\FreeRTOS\Source\task.c: 10 warnings, 0 errors
compiling main.c...
..\FreeRTOS\Source\Include\FreeRTOSConfig.h(25): warning:  #1-D: last line of file ends without a newline
  #endif /* FREERTOS_CONFIG_H */
..\FreeRTOS\Source\Include\portmacro.h(45): warning:  #1-D: last line of file ends without a newline
  #endif /* PORTMACRO_H */
..\FreeRTOS\Source\Include\projdefs.h(12): warning:  #1-D: last line of file ends without a newline
  #endif /* PROJDEFS_H */
..\FreeRTOS\Source\Include\FreeRTOS.h(22): warning:  #1-D: last line of file ends without a newline
  #endif /* FREERTOS_H */
..\FreeRTOS\Source\Include\task.h(63): warning:  #1-D: last line of file ends without a newline
  #endif /* TASK_H */
..\FreeRTOS\Source\Include\FreeRTOS.h(22): warning:  #1-D: last line of file ends without a newline
  #endif /* FREERTOS_H */
..\User\main.c(90): warning:  #1-D: last line of file ends without a newline
  }
..\User\main.c: 7 warnings, 0 errors
compiling port.c...
..\FreeRTOS\Source\Include\FreeRTOSConfig.h(25): warning:  #1-D: last line of file ends without a newline
  #endif /* FREERTOS_CONFIG_H */
..\FreeRTOS\Source\Include\portmacro.h(45): warning:  #1-D: last line of file ends without a newline
  #endif /* PORTMACRO_H */
..\FreeRTOS\Source\Include\projdefs.h(12): warning:  #1-D: last line of file ends without a newline
  #endif /* PROJDEFS_H */
..\FreeRTOS\Source\Include\port.h(22): warning:  #1-D: last line of file ends without a newline
  #endif /* PORT_H */
..\FreeRTOS\Source\port.c(114): warning:  #1-D: last line of file ends without a newline
  }
..\FreeRTOS\Source\port.c(115): warning: A1581W: Added 2 bytes of padding at address 0x86
..\FreeRTOS\Source\port.c: 5 warnings, 0 errors
compiling system_ARMCM3.c...
linking...
Program Size: Code=1056 RO-data=992 RW-data=20 ZI-data=2236  
FromELF: creating hex file...
".\Objects\YH-FreeRTOS.axf" - 0 Error(s), 26 Warning(s).

<h2>Software Packages used:</h2>

Package Vendor: ARM
                http://www.keil.com/pack/ARM.CMSIS.5.7.0.pack
                ARM.CMSIS.5.7.0
                CMSIS (Cortex Microcontroller Software Interface Standard)
   * Component: CORE Version: 5.4.0
   * Component: Startup Version: 1.2.2

<h2>Collection of Component include folders:</h2>
  .\RTE\_Target_1
  C:\Users\csydl\AppData\Local\Arm\Packs\ARM\CMSIS\5.7.0\CMSIS\Core\Include
  C:\Users\csydl\AppData\Local\Arm\Packs\ARM\CMSIS\5.7.0\Device\ARM\ARMCM3\Include

<h2>Collection of Component Files used:</h2>

   * Component: ARM::CMSIS:CORE:5.4.0

   * Component: ARM::Device:Startup:1.2.2
      Source file:   Device\ARM\ARMCM3\Source\ARM\startup_ARMCM3.s
      Source file:   Device\ARM\ARMCM3\Source\system_ARMCM3.c
      Include file:  Device\ARM\ARMCM3\Include\ARMCM3.h
Build Time Elapsed:  00:00:00
</pre>
</body>
</html>
